juicekhan4@gmail.com:0123456789nj@
guillermo2400@gmail.com:guille24
belindafarrugi@yahoo.co.jp:ko_@o050
valintino.h@gmail.com:Bendali123
milutinovunmab@email.com:N58U68
ninjamonkey938@gmail.com:asdf2007tbc!
alboggs6@yahoo.com:737734744756$888HG
zzheja6321@tedale.com:NasrinnsR21$
didierthauvin1@web.de:tommyli
francisl2@lovezia.xyz:Kezia2024!
28694994@qq.com:Wang1227
rohanhowlader@howlader123:@Mdsiammk10
amineakbache3@gmail.com:Matmatmat/1
amrogogo46@gmail.com:Ksaksa11
h.jke.lh.f.kjlnl.f@gmail.com:Aa//9018
alextabios@yopmail.com:papaboboy!
pshtiwan.mahmud6@gmail.com:Kurd1995
lucilainebfawn@tele2.nl:i79cremeS19
R.smeerali12@gmail.com:r123mm12@
Ybran7w7+1@outlook.com:(Samsungs20)
geeksghost@gmail.com:DAda22$$
sweallar@gmail.com:314159cjb
thankyoi2828@ak05.site:Manshu@123
afp04041983@gmail.com:Veni4000
ahmedsomrat2244@gmail.com:ahmed12345678@
rawir88546@95ta.com:AdrianA8@
MICHELE45UAZO@outlook.com:Laleche1816*
mnightpot@gmail.com:maximum22
Jakoyoucef1@gmail.com:Wassim2018@
h.jke.l.h.f.kjlnl.f@gmail.com:Aa//012345
thvanthert@gmail.com:Stef@nie1972
killer_pumpkin@hotmail.com:Malaka22!
ratOni9057joN@xs4all.nl:NewlAnds1
subagiyompd@gmail.com:bon@B123
christisking2222@protonmail.com:maximum22
nicolsdelaho..@gmx.com:NIdoz$@$.95
ahmadabdalmoneim06@youtmail.tk:cas6YQCM44
sebastian_amador@me.com:Epsilon88
milea5@hi2.in:Maret733
cigansinegre@gmail.com:minnticek122!
enzoyamahafzr7@hotmail.co.uk:982N3sx
edward78d_x786d@buxod.com:001103261
qoopqoop520520@gmail.com:Qazwsx123123
stoffer0901@gmail.com:Kanin4914
nlkien@hotmail.com:easton7
822xx8662@gmail.com:Hjkl2772
nigahela@thichanthit.com:red12345
adnanpay104@gmail.com:Qwer4747?????
reyoriv@mail-v.net:z4YRP9@8$q!6r8F
10b6385d5f@boxmailbox.club:andersonadrian
fedoalqalam2@gmail.com:Fedo2005
mmando2020@hotmail.com:Mando@666666
igategh@hotmail.com:5Dr@matels
junaidcodeage@gmail.com:Vypr$243546
tylerfestus6@gmail.com:tyler1213@
gdyoydrts@virtualemail.info:666666
algolden_boy7@yahoo.com:2222
pisenado@click2mail.net:123456
johUngjl@talk21.com:540937397991
ksoqqo1@rover.info:Android@7
baesteerowanderson22@gmail.com:lion2236
kiernanr@naver.com:12072007
822xx8682@gmail.com:Hjkl2772
andy02rodriguez@gmail.com:Andy200134$
ford.keaton13@gmail.com:Zs2u4eLW2wBJPki
ookeefer_z710r@oysa.life:sNvW9@e4j6XcVVZ
gautierdanielle21@yahoo.com:Bonjour2021
quincyjb02@hotmail.com:Quincyjon020285
DIGNA921@hotmail.com:angel27087
kwjenx12099@gmail.com:Vpn12345
lojohen657@mailvk.net:23082001
russell.whemr.181.99.7@gmail.com:Leaders2003
Poseidom202@hotmail.com:LL80952656ll
mariana@meows.ga:Mingprems123
russell.whemr.181.99.7@gmail.com:Leaders2003
Poseidom202@hotmail.com:LL80952656ll
mariana@meows.ga:Mingprems123
laowangjing99@gmail.com:PianoMan99
maik.bruenjes@bruenjes.net:star99
edgarshunin@gmail.com:ed90261*
th.santos@icloud.com:YesIam41893$
luckysparrow0910@gmail.com:Bc130211Cc
snitfiyouness@gmail.com:Lookpop1986+@
cairoadele747409@gmail.com:Kh@i010996
ben1b@hotmail.com:Snazbot97
eastona48@gmail.com:Ahlers75
neyadas405@macosnine.com:m10l11k12
tan.josellen@gmail.com:Tan080419
hridoyhiva@gmail.com:srs$$112233
marcofodde@hotmail.com:iosto123
smmcoce145@dhamsi.com:Jack123@
wmalInAch@xs4all.nl:040311980aB
kamalabdulnour@gmail.com:kimo@kimo
joshuamennunipacassoni@gmail.com:Oranye!5
nighthaxmc@gmail.com:Adam2009!
hvnajahodoaa@talk21.com:LUCInka443--
hddurjoysarkar4572@gmail.com:45723678D#
marketexpress00@gmail.com:omar0618924437
quyn9252@gmail.com:12345sss
orlandosorio1@gmail.com:Jumajo1486
josh.ks90@gmail.com:0613905004
norobeh590@naymedia.com:Skadosh88_
joseratia2010@gmail.com:jose-ale-13
ASDGMASHDV@gmail.com:yTYas6m7c*fN3a3
leszekciszewski@gmail.com:f6P$fQr8nG4#H2w
lsanderholos@gmail.com:25252625
belyext@gmail.com:010203_vv
kban095@gmail.com:78907890
thealt825@outlook.com:ak23a45a
marcofodde@hotmail.com:iosto123
smmcoce145@dhamsi.com:Jack123@
wmalInAch@xs4all.nl:040311980aB
kamalabdulnour@gmail.com:kimo@kimo
joshuamennunipacassoni@gmail.com:Oranye!5
nighthaxmc@gmail.com:Adam2009!
hvnajahodoaa@talk21.com:LUCInka443--
hddurjoysarkar4572@gmail.com:45723678D#
marketexpress00@gmail.com:omar0618924437
quyn9252@gmail.com:12345sss
orlandosorio1@gmail.com:Jumajo1486
josh.ks90@gmail.com:0613905004
norobeh590@naymedia.com:Skadosh88_
joseratia2010@gmail.com:jose-ale-13
ASDGMASHDV@gmail.com:yTYas6m7c*fN3a3
leszekciszewski@gmail.com:f6P$fQr8nG4#H2w
lsanderholos@gmail.com:25252625
belyext@gmail.com:010203_vv
kban095@gmail.com:78907890
thealt825@outlook.com:ak23a45a
mahamud7023@gamil.com:@#Mahamud@#1
mlrioso@xs4all.nl:Yd--26j34ih0
VinesAlyutina1986@yandex.ru:Amin2001
eastona48@gmail.com:Ahlers75
junlay19944@gmail.com:Pyaemaung0987654321#
kowgos@gmail.com:a22222
kicasemaichel90@gmail.com:Naim474@@
jesseedwards3@yahoo.com:Widerule3
paulita.merre@gmail.com:@ReeferShop1
yukisisw@gmail.com:YUkiGoogle16115
allal-mami@hotmail.com:mamineallal1975+
patrckUtil@vodafone.de:200519
earlmoran@comcast.net:Bridgewave#77
juanespitiark77@gmail.com:Heroico88@
kuper80908090@gmail.com:#Pinedo12
irinokhca@mailinator.com:Gaboce@1i
hakbaby92@gmail.com:616237HaHa!@
punjabmix.in@gmail.com:Punjab@123
danielylasfernandez2@gmail.com:daniel_seco
mele@voemail.com:21012101
bimepet243@majorsww.com:emino2000
valintino.h@gmail.com:Bendali123
peterbeler@yahoo.com:Core732zyp
ah.uddin93@gmail.com:ahuddin93
ahmedmostfa@kpay.be:GeRoO1997
dixof96947@raotus.com:syedharus123.
thurneysen@gmail.com:Tijakool23
dedjaalmas81@gmail.com:AsifXmax6%!
din1045@mailbox.org:28Vpn65?
minecraftstealertest@gmail.com:123qweasdzxc123
dbiki5137@gmail.com:Sukh14703690@
etsimo84@gmail.com:MOHASY84
ducida@2p-mail.com:perduta324
jakepshtiwan@gmail.com:Hawler1995
duyentran607@gmail.com:Zeeshan@1982
elmichael7272@outlook.com:Ramos2826282.
medkaouachi785@gmail.com:Kaouachi785#
borovikovd@mail.ru:5526118
ahowlett1@aol.com:Tonyth100
drew.firestone@gmail.com:lakers
sefifey899@jalunaki.com:mariela34.
nachodangiii@gmail.com:nacho1234
luckysparrow0910@gmail.com:Bc130211Cc
aunvivohoy4.04@gmail.com:gratis4.04
ismailc22meca@qq.com:vyper2021
eutta2773@protonmail.ch:maximum22
guillermo2400@gmail.com:guille24
belindafarrugi@yahoo.co.jp:ko_@o050
valintino.h@gmail.com:Bendali123
viviannefisher730+sadreu@gmail.com:viviannefisher730+sadreu
theosejakgomo@gmail.com:U$pCAD*_QbY6Nr!
simon705@btinternet.com:Snap9864
demlerzaza@gmail.com:GameShark336537
vatoe30@gmail.com:1359ronny1359.
khaled.soragi@gmail.com:Khaled7117@@
kigiw11001@spruzme.com:Gupta123
lohfjdhjh@gmail.com:Gupta123.com
Tailjinks8@gmail.com:Gupta123.com
jiceso3672@x3mailer.com:00000000
orlandosorio1@gmail.com:Jumajo1486
joannavanhoeven@gmail.com:MitchellJack2022
mark77dean@gmail.com:MitchellJack2022
aussietony57@gmail.com:MitchellJack2022
vp@duckk.club:Arbaaz@11
vp2@duckk.club:Arbaaz@11
Dewaynejones28@yahoo.com:October91
Cyrusthevrus00@gmail.com:October91#
youssefmoht@gmail.com:Youssef123&
brianbrueckner@web.de:Pikachuhase2
joeandree701@gmail.com:asdASD123++
tylerfestus6@gmail.com:tyler1213@
usersuper259@gmail.com:Shahyr94@
amangeldinurgeldiyev@yandex.com:Shahyr94@
allan.mangayo@gmail.com:@Entity69
dj.fosil86@gmail.com:Djfosil357
dj.fosil86@gmail.com:Djfosil357
vyp80@tpremss.ml:2809
help.dhopkins@gmail.com:Abcd1234@@
m_general_2009@hotmail.com:Mostafa9373
anum232ravi@gmail.com:12345Pakistan.
nathanmuntyan84@gmail.com:Malita2005!
jnespitia.92@gmail.com:heroico88@
nour2haan@gmail.com:Aa123456@
bonecrusherld1@gmail.com:Mason1lawson
amirmehdi1az@gmail.com:TP3RQWKqA74JG.7
xeyomob864@ichkoch.com:1234
laowangjing99@gmail.com:PianoMan99
thomas.batchelor2@hotmail.com:Stacey74!
vyprvpnemail@gmail.com:Nj10814!
caamano@me.com:Gateway28!
xooien.se@gmail.com:Ali18ali.
iambicvypr60@fineloans.org:1234
sifatsadik123@gmail.com:Not123Shareable
keithsiu0314@gmail.com:Mm0101459056
thomsen.frederik@gmail.com:freder1k
Killer250asd@hotmail.com:Mostafa9373
totoanalyst111@gmail.com:Zxcvasdf1
hahoa@getsimpleemail.com:111222333
marlenrahner@gmail.com:GoldL3af
hijazim24@gmail.com:Mostafa9373
cchristofer613@gmail.com:lamascaracayo
UncleVenus2000@yahoo.com:olds01028845195*
uhudemiwi@pimmel.top:Nj10814!
ahmedtirmux@hotmail.com:Nokiapop5022506
help.dhopkins@gmail.com:Abcd1234@@
a.s.coops.99@gmail.com:trfdhfdghdfhfdh
Mirainiki21@hotmail.com:19Marzo1998
jookh0418@gmail.com:Aabb02602!
alirazamaka2021@gmail.com:Mythology1122
jnespitia.92@gmail.com:BT*&%d7#,4mC#b%
coralinewaltdonald@gmail.com:batman01
test120796@gmail.com:120808Ss.
d8fd0ee1fd@mailboxy.fun:21b2c3d4se2222
khaled@moussaoui.me:Seize-06
ookt2c@mst.edu:Miami123!
mjrim52@gmail.com:Hadi0161__
hezabdhac2@gmail.com:abdou320#@#@
vpn19997@gmail.com:Mostafa9373
tsmith@mweb.co.za:F@mous2022!
UncleVenus2000@yahoo.com:olds01028845195*
jnespitia92@yahoo.com:885nJxiFhGw6Abc
kilam91703@viemery.com:Nj10814!
bouderdu57@gmail.com:Pluvialddr2?
abusayedlimon1997@gmail.com:limon1997
rashidi_jr@yahoo.com:WebnusVyp
noahjgrey@outloook.com:2min00dlez!
noahjgrey@gmail.com:Stacey74!
jogreth@protonmail.com:Je.161445*
bouderdu57@gmail.com:Pluvialddr2?
tanishaagrawal740@gmail.com:Zxcvasdf1
christianacolaiacovoqtx21@gmail.com:Racdoctho29592
kubaebwaad828@gmail.com:Aa09900990@@
Walmartexperts99@gmail.com:11223636360
noahj76@gmail.com:Nonojax69*
naseemzeadna10@gmail.com:151349715w
okolieugonna3@gmail.com:Zxcvasdf1
zurimacana@gmail.com:SharingBersama90
leomorris125@outlook.com:goofyahhbozo1@A
butaca@gmail.com:yd9b8RQk!!
marlenrahner@gmail.com:GoldL3af
nathanmuntyan@yahoo.com:Malita2005!
derek2ge@icloud.com:Ivyivy123
qwerty@qwerty.com:qwerty
lusji2011@gmail.com:97358910Lucas
moltenkarlos@gmail.com:ninja5k!A
alirazamaka2021@gmail.com:Mythology1122
akeelhr73@gmail.com:Akeel1973
tardieusimon889@gmail.com:G4ngst4s_1//
ejiyikoli@pimmel.top:Nj10814!
alirazamaka2021@gmail.com:Makorani1122
alshtaf3@gmail.com:gany546230alshtaf
caamano@me.com:Gateway28!
akoreifi07@hotmail.com:SajaAhmed03061996
moncourriel01@orange.fr:Moiseul@1986
jasonbock04@gmail.com:Bock*26101997
khaled@moussaoui.me:Seize-06
jnespitia92@gmail.com:wis2frdJ4dK@fVj
davidmutahi17@gmail.com:MNYAKS2022
wcyqstrzh3@myinbox.icu:Yash@1234
33mca@crismihn.com:masda23
Ewansimon1008@gmail.com:awATYpZLb4V!uSr
mjrim52@gmail.com:Hadi0161__
MICHELE45UAZO@outlook.com:Laleche1816*
zurimacana@gmail.com:SharingBersama90
live1@i30success.com:Ikspl@2021
jogreth@gmail.com:Je.161445*
cackexpress0189@hi2.in:@Crack_express01@Crack_express01
zezw881994@gmail.com:hamdan123
londo0218@gmail.com:Juliana2314+-@
kristopherlea187@gmail.com:Arkansas1
mourchidsamy87@gmail.com:Samysalma12@
chinahan777777@gmail.com:q1w2e3r4
pasmado15@aol.com:XwdyNcmpT8V72ZP
wcyqstrzh3@myinbox.icu:Yash@1234
nmcdonald1983@hotmail.co.uk:Gatecrasher8!
tamannakhatun016120@gmail.com:01612022176
davidmutahi17@gmail.com:Ranger2023
nour2haan@gmail.com:Aa123456@
7ads88@gmail.com:Team7688@
caurih@mailpoof.com:deroin16
manzap@mailpoof.com:deroin16
nobgij@mailpoof.com:deroin16
822xx8662@gmail.com:Hjkl2772
jaycob201817@gmail.com:Jaycob&1995
killer_pumpkin@hotmail.com:Malaka22!
szijuedafhwfuzl@baybabes.com:szijuedafhwfuzl@baybabes.com
joe222223@protonmail.com:maximum22
glahnmoritz@22stkp.de:Anders22!
aminelebbar554@gmail.com:amile123
aminexotd27@gmail.com:Sllottery.22
erickdac80@hotmail.com:matiasmateo2020
hagete2558@rvemold.com:Aa@lim232
eutta2773@protonmail.ch:maximum22
pikatir906@lovomon.com:pikatir906@lovomon.com
mnightpot@gmail.com:maximum22
annieliveo@hotmail.com:Made1719
coscas@mailpoof.com:karamalowdh2003
2b6e2abaff@himail.online:Mohamed12300
oximoric@gmail.com:hillview12
vegzio@mailpoof.com:bigfish86!
toehus@mailpoof.com:CZ!wpMa4QYzqiGG
mohamadjiha86@gmail.com:elena28112015*
Frikman2K9@hotmail.com:br1s1ngrbr1s1ngr
wulwae@mailpoof.com:afftt1234
ahmadzidan2007@gmail.com:ahmad2007*
edna005@xhanimatedm.com:snyper33
minepock39@gmail.com:Werty123me30tim
bezmib@mailpoof.com:deroin16
janvuz@mailpoof.com:deroin16
marnixluka@gmail.com:friends!
yivat16524@28woman.com:59315236195744
jamesisamazing@gmail.com:james123
gutierrez23430@gmail.com:agustina2012
quanghaiquangdang@gmail.com:anhtuan295
suopij@mailpoof.com:deroin16
tepfuf@mailpoof.com:deroin16
kuovet@mailpoof.com:deroin16
tutjac@mailpoof.com:pangetako2019
alaanaesa@hotmail.com:ahmad20
urehax@vomoto.com:3D.CyX999#gFFSf
tobyjenkins92@gmail.com:nicholas92
gdavis12344321@gmail.com:GHCL5Awz$gMh#WM
ralphdanielian205@gmail.com:Greece19082!
ain.huffaker@yahoo.com:Alex1121
fact2forward@gmail.com:worm2he
scott.diamond@gmail.com:tuffy9195
logebo2784@yektara.com:dV6.EGLvvzE4PiH
iptv.murad@gmail.com:mm9874563
hgetdou@hi2.in:Ez7!#62PDZgwJXB
aubry472@jskypedo.com:01283606893
amanjmnj88@gmail.com:Ios0.2.1
mohmutj7@gmail.com:Mohamed12300
bruh_1420@mailpoof.com:qwertyuiop
ejc2006wayne@gmail.com:Ejc2006wayne
pilite@daymail.life:joao123
doacio@mailpoof.com:karim1234
flavo45@euroweb.email:papakweku
leetoshaw@hotmail.co.uk:pandai1
chabeli44@lkxloans.com:parthi18
armitagerecording@gmail.com:armitage
mostafa0mohsen123@gmail.com:0109477379@
otterminatejackson6@gmail.com:Newyork882
alemanrolando9494@gmail.com:Pokemonmew1
BrianKTully@outlook.com:Ejm809809809..
leon.richtig6969@gmail.com:Sipro123!
hosein.she1397@gmail.com:hosein2181
vince.torok20@gmail.com:TorokVince2010.
19genesiss96@gmail.com:SallasaP96-
djchapa2518@gmail.com:Mimdre1721
vypiy11@ziipremsz.tech:112233Vypr.
fmichelagnoli3233@gmail.com:getafix4
fmichelagnoli3233@gmail.com:getafix4
aviking2226@gmail.com:lior45
Chriswamb2008@verizon.net:thememesantia1837@gmail.com:Eimel1837@
danieloreniyi@gmail.com:Oluwaseyi07
yassinebligho@gmail.com:keepupand
peperivero@gmail.com:keepupand
carmen_guardiola@hotmail.com:Cguardiola2019
andre.cruciani@sfr.fr:ca310860
ayyapps.raj@gmail.com:timepass
marcusanrea@virgilio.it:Anna03
snnss717+88@gmail.com:azoze087
zohsii@mailpoof.com:brody3251!
mazukiuki@gmail.com:mar2345678900
joannajulieta070@gmail.com:Konok88331@
lukeegreen@gmail.com:Muse09V
hamzaa26709@gmail.com:Cash2307240073
haog19@gmail.com:haohangs30
f491vitorva@telekom.de:E4537n
padillaamgel@gmail.com:Pollo2030
jamesmartinthai@gmail.com:C1cvpn9#
huybinh001@gmail.com:Kimtan123
qhahnu_u567w@deypo.com:adriellahoz12L3m
xoner49587@drlatvia.com:w4tg$af_zq7$Z_Z
navascreation@gmail.com:Joshua89978
diegojdez40@gmail.com:EKL13_DEEPAK
headshotdead0@gmail.com:Vitesh087#
erhan.gngren@yandex.com:G7ned7pes
juantoro@grupo-monarca.com:Cristobal08
perfect@brry.ml:Oreomilktea087
niratasnin@gmail.com:Thelegend.173
niratasnin@gmail.com:Thelegend.395
simon@webwhiz.co.uk:Dre@mweaver1
raul.j.martinez.c@gmail.com:lucca8908
ana.maria.castao20@gmail.com:@amitkumarmaroxii@12
w.mantel@gmail.com:irisanna
findmenowzero@gmail.com:password
incog@cyber-host.net:imthebest1
sean7975@gmail.com:sean7975
ali_mat@live.com:Darksparta12
onbhhdv864@6mails.com:contraseР“В±a123
mazen72008@gmail.com:Haker123_123ihatethis
palesini@gmail.com:ypvpr3339
ya.chi@laposte.net:azertyjetaimemarina18
xatere4368@vmgmails.com:kevinl477:gutierrez23430@gmail.com:agustina2012
dgasmi16@gmail.com:djaber7!?
esrql51031@temxp.net:Rd112233
sjurunp983@coalamails.com:martingarrix
varviz@scrsot.com:bouamoud3695
thehouseofsisssy@gmail.com:THOS@042286
freegamer@mailpoof.com:Nemat0des.
rejota9624@50000z.com:parsa0007
vecaba7159@nazyno.com:mouses031@R
mosab000112@gmail.com:fc5458668025xpFu
onetouchintouch@gmail.com:qweqweqwe
thomas.ferreira-scheyerl@gmx.de:3LZtv9$h2YE_ard
earchant@gmail.com:GabeBet1971$
jvela081755@gmail.com:@JoseVela0821
javaris9@yiustrange.com:Rd112233
ronitdey31@gmail.com:Rd112233
semelej981@lovomon.com:26884609
hawesome1164@gmail.com:Hawsm1164
lamzobg1@gmail.com:Lomohamed1998
wevan2006@gmail.com:None
minhda00912@gmail.com:Anhminh115
vking11000@gmail.com:VKING3710
berbajoshua1313@gmail.com:123456
dino1993@gmail.com:Columbia21
dxakash01779@gmail.com:Salim##1234
zclives@gmail.com:conggy123
baztabword@gmail.com:baztab805
matthew.stull@gmail.com:Tatical2
russo_vitantonio@live.it:Aq
abraham83589@gmail.com:aNJ87snvWfKdwP.
jkm6611@gmail.com:1qazzaq1
7ads88@gmail.com:Team7688@
jabirhossain000@gmail.com:hossain000@g
1002749116@qq.com:qq1002749116li
horus044@gmail.com:Yotas7910$
dario521hna@gmail.com:Net12345@
MOREIRAOSCAR485@GMAIL.COM:Rosamera12
kitusodo@emailapps.info:loquendo
tatan@yopmail.com:horta26@
serkov@mail.com:Alex2427$
jaycob201817@gmail.com:Jaycob&1995
mig.avril@laposte.net:Miguel972
henk.vanderberg@gmail.com:hbmbdj94
listasiptvportodalacaragratis@gmail.com:Rebollar1978
anouarelouardi34080@gmail.com:@Anouar2007
anouarelouardi34080@gmail.com:@Anouar2007
lukethebetatester@outlook.com:Coco2023.
lukethebetatester@outlook.com:Coco2023.
irf.malik.amz@gmail.com:Golf4Ferrari
mike72wilson@gmail.com:Pass2word
klaus12101992@gmail.com:KLAUS@12
zurimacana@gmail.com:SharingBersama90
josse.carllos23@gmail.com:905712
afnqum@hi2.in:raahim0000
darkmonkeymw3@gmail.com:Cjd12043
wopelesox@geo-crypto.com:perduta324
muminovicpeypal@gmail.com:Nermin1234@
saulovilla17@gmail.com:sonia2803
fahdfahdxxx@gmail.com:postedetravaule
sergiovoriortiz@hotmail.com:voriccp1912
willy772@live.fr:hSEWJnTTAbY_#S7
vincee3@fhollandc.com:asdQWE321
ygtcht@gmail.com:19022011ygt
aayemd@hi2.in:xcap@111
karsaz.shahyar@gmail.com:amir38846?
kejav52962@febula.com:kejav52962@febula.com
zifduz@mailpoof.com:giris3647
robertr64@gmail.com:Eagles123
Josu_isra_88@hotmail.com:091811400josue2020
dineci5998@zasns.com:Nishan@#12
patula.wright@gmail.com:coltrane1
richbrav98@gmail.com:ricarica
nelaneel505@gmail.com:Sanvy@#12
pbandieri90@gmail.com:ilsignorG90??
binners79@hi2.in:Leidy.2021
ndericon45@gmail.com:Rebornate92
mohamed.lueilwitzv_b758k@ymail3.com:Saturnino02
2692268341@qq.com:532402624
t.f.a.b.m.l.l@gmail.com:123456789Policee@
nerew4@baybabes.com:raahim000011
nl6985687@gmail.com:Abc12345@
ahmad88l_a762w@ludxc.com:12345678apk
ru.fan3@gmail.com:Free1911
mascarakissme@gmail.com:Bishop@12#
pig.sy1999@gmail.com:fullmonty2012
qkbfthu469@sweemri.com:Yeakub26sep@@
tinus@kloudtech.co.za:r3dM5ntr570cL!
jaeftechsjrprogrammer@mailcard.net:themba11
caro.ljase.nk.o.001@gmail.com:P@555w0rd,./
hgfzr@hi2.in:sxsxsx@baybabes.com
yoxaves726@lovomon.com:yoxaves726@lovomon.com
abo-mohamad-9@hotmail.com:Magd2272
xuyemab@getsimpleemail.com:1CASA123
riesenmarkus92@gmail.com:Speedcore3.
chaoticgameplay207@gmail.com:thunder091
jxjahidul22@gmail.com:JJaa12@@((
noxojon603@moenode.com:897393722
ng.clinton2003@gmail.com:Pinaccle1829
jimmy.conros20@gmail.com:Vpn12357
rosep544@gmail.com:dalglish7
craigjohnanderson@hotmail.com:steiny139
cesecov304@rm2rf.com:5555
moreldenis06@gmail.com:BOUba4105
pafov16231@cderota.com:Ariyan25@
sipeya9517@hafutv.com:sipeya9517@hafutv.com
yes927@heisei.be:samuel21
uuiiop@qq.com:Caonima#123
NEOCARLOSGM@GMAIL.COM:1GIORDANIE
dewon30303@ymail365.com:0000
fernel1014@gmail.com:fernel14
sihama@hi2.in:OYZvfk01
tommycgriffith@yahoo.com:parker90
crosskey13@yahoo.com:jtg123456
andrew.eckstone@gmail.com:Andrew1964
wijkaf@mailpoof.com:123456789
francislavaud@hotmail.com:Shanelle974@
random-mike@hotmail.com:Austen123
manda1@sfr.fr:Manda26101983Mr
apoxdeath@yahoo.com:897588
b@sydh.site:Caifi22!
earlmoran@comcast.net:Bridgewave#77
noradoandre2021@aol.com:joebidenusajetblue2021@
hein.joris1@gmail.com:Milki001!!
caroljas.enko001@gmail.com:pass2019
tokit43278@mailsecv.com:12345678
noradoandre2021@aol.com:joebidenusajetblue2021@
earlmoran@comcast.net:ee312131
jrockdinio@gmail.com:superbenz7
jamesswalke.r2018@gmail.com:pass@2035
pdjaispppp@gmail.com:Nishan@#12
coutinho_lucas_fakih@hotmail.com:fifo1006
hassanshot05@gmail.com:Sardar@778
haciendanapolis3030@gmail.com:jairo3030@
axiz@bareed.ws:22920053
bishoo1467@mail.ru:Kemoo14677
joaomaximo@gmail.com:Airbus320##
huy65172@zcrcd.com:Az7!6h3a3#WuDTd
merevod277@1heizi.com:123456
bhau111@netmail8.com:Bhau1234
zfxdark@gmail.com:Pranay123opz
imanhavangi@gmail.com:I@09154946326@h
kikiasas319@gmail.com:6Y3cUDfRhNq9C2A
naveen.k@glowtouch.com:Shu_6969
letrungthanh2008@gmail.com:thanhnga1985
hyd524132502@gmail.com:hydmk8j8
spopremark@gmail.com:123mark123mark
dubs@nwjns.uno:Free4you!
giovanni.vella@williamhill.com:Phantomf12!
d8fd0ee1fd@mailboxy.fun:21b2c3d4se2222
fahdfahdxxx@gmail.com:postedetravaule
charleemails@Icloud.com:POPlolPOP399
lilianafandi4@gmail.com:AdrianA8@
d.simpson6651@gmail.com:dHMa7GYMj7aPw@L
s59632031@gmail.com:ski38@OF
mohamed.elsabahy@yandex.com:asdfghjkl@34
sasegcom@hotmail.com:Mrwa@2015
oxh57868@zcrcd.com:Az7!6h3a3#WuDTd
akhilesh.soni@maxlence.com.au:eatclub
kuoenn@gmail.com:Josh203111
kolovid4670@gmail.com:8298874017Aj
aleksomdias157@gmail.com:aleksom157
celuyezz19899@gmail.com:Yesica89.
rep.ekipo.1984@icloud.com:Usuario1
mohamedelsabahy389@gmail.com:gameofthrones
smhsolar77@gmail.com:Ilovemom22!
humjbuzj@eyeemail.com:12345a
loreenolympie869@yahoo.org:NICOYA
dsiik06846@tinaksu.com:sha@1563
alldyash48@gmail.com:Paris@123.
chrismadegwa4@gmail.com:AdrianA8
live1@i30success.com:Ikspl@2021
Walmartexperts99@gmail.com:Zia12345@@
pollos991herm@gmail.com:Chniesel123
malayreform@gmail.com:wadies1009
jaetchi@gmail.com:arrey1964
braul.flieb@gmx.de:FjejUIiq14263
sipeya9517@hafutv.com:sipeya9517@hafutv.com
rawir88546@95ta.com:AdrianA8@
hanafiyasin1@moakt.cc:azert12345
eutta1993@protonmail.ch:maximum21
robert.neill76@gmail.com:B10wT0rch!
naveen.k@glowtouch.com:Shu_6969
oxh57868@zcrcd.com:Az7!6h3a3#WuDTd
jdirks01@gmail.com:Aa716626!
sauseage1997@gmail.com:Calebsaw132
noradoandre2021@aol.com:joebidenusajetblue2021@
tato.roni@gmail.com:Juju142010@
maposi7777@chatdys.com:allaoui540270
piert33@yahoo.com.ar:Gforce1981&
lrcrafton2002@gmail.com:crafton2002
micha.keller89@web.de:Vb64291420
alleyeonme028@gmail.com:Newyear11
micha.keller89@web.de:Vb64291420
R.smeerali12@gmail.com:r123mm12@
robert.h1118@yahoo.com:Beccaandrobert#1
gd6eulzmqo@richmail.ga:223344
xxxjewsterxxx@gmail.com:nightmist12
vypyr1@moimoi.re:awitsayo1
milikpribadistore26@gmail.com:jangandijuallagidosa9999@
kenzipirofutures@gmail.com:j6juMKEmhFGJs-5
opalinashellie6@hotmail.com:zhou
khatabghosty@gmail.com:[NOT_SAVED]
voeoda@mail.ru:11adoeov
scopeynewcastle@yahoo.co.uk:Footlong1
michaeldwest@gmail.com:60221023
mtformatacao1@gmail.com:221219965
niseya8336@loopsnow.com:383vdD.!DWQ.kYC
jgaces@gmail.com:vpn209627!
milikpribadistore26@gmail.com:jangandijuallagidosa9999@
voeoda@fromallmail.ru:lopolopo11
noradoandre2021@aol.com:joebidenusajetblue2021@
as9078624@gmail.com:XpRd9U5gd8ZujzJ
alleyeonme028@gmail.com:Newyear11
gjcorner@gmail.com:Corner60
wuhanlin21@gmail.com:whljames
vince.torok20@gmail.com:TorokVince2010.
samaalimouadh@outlook.com:Anson98714
tixibigoxo@alexbox.online:tuamor19
abdelpro26@gmail.com:4Zn!C$zrV*P@6dD
63c483be19@mailboxy.fun:Nicholas4321
gomid50902@gameqo.com:dinoyafrica23
connorrhodes1@yahoo.com:Db2qyychf'
sere.karim10@hotmail.com:3253785Sk
fagap50367@iopmail.com:bellazio1A@
syn@riseup.net:P00pishshit
myoyuparko@gmail.com:j93xu@SCE.z!JCf
xbunsenx@gmail.com:76Finnbarr
hleorico@gmail.com:inbetween1
aklhwa4@gmail.com:med26000
capchuckprice@gmail.com:9k9z89Ux
arifinzamantanz279@gmail.com:111245Aa.
zfxdark@gmail.com:Pranay123opz
gomaye5976@prowerl.com:Pranayshantu9010
liamgodo@hotmail.com:Liam4636
trygamingpa@gmail.com:g0nzz4V123!
Adhamabozied2006@gmail.com:Adham20091@#$
luckallgaurav@gmail.com:Crack261997Gdzy@
dadko771@gmail.com:13Tinuska13
seikichi25@xbpantibody.com:1350540sa
207570455@qq.com:Lazada003
dimpy2010@live.com:27October.1992
vinhlqa@gmail.com:Herostreet25
zehappyone@gmail.com:Devil1@3$5Force
luckallgaurav@gmail.com:Crack261997Gdzy@
homekag588@kindbest.com:d83zahfne2!v!N6
jayzen25@gmail.com:Qpalzm2552
homekag588@kindbest.com:d83zahfne2!v!N6
duplissi77@gmail.com:v%1Qmk5$1TBA
seikichi25@xbpantibody.com:1350540sa
Nectar.klloof123@gmail.com:Yaser2015
Nectar.klloof123@gmail.com:Yaser2015
alirazamaka2021@gmail.com:Mythology1122
alirazamaka2021@gmail.com:Mythology1122
alirazamaka2021@gmail.com:Makorani1122
quiroxxix@gmail.com:Power9886@
m2ssho@gmail.com:Mesho$12
vandy3299@gmail.com:hUBUpHqQ7S@ffn4
hancockchandler@gmail.com:Azerty1234
boomshoot2@gmail.com:cabalglobal9
ahsanzulfiqar1174@hotmail.com:Allah@786
lorilee.vassell@xhide.xyz:Bb112233
allymwinyihindi@gmail.com:Error142@
gorechokhim@gmail.com:123123323123
parfindo@icloud.com:DaniDani1
m-m_z@hotmail.com:Qq123123
kerago7463@1heizi.com:AYOUB123@
skndr8169@gmail.com:1111
weoukal@gmail.com:123456
m-m_z@hotmail.com:Qq123123
fabiojoseandradedeassis@outlook.com.br:4F8@15b16i23o42
ahsanzulfiqar1174@hotmail.com:Allah@786
adb77y@gmail.com:Update@2020
roro2014hussien@gmail.com:4X$phfLMs97AtcL
roro2014hussien@gmail.com:4X$phfLMs97AtcL
vctsoftware@gmail.com:Is220598@
Kumarmobilesadm@gmail.com:rajkumar1
yayosah@hotmail.com:Takakura27
migueljgh.95@gmail.com:Maikeru(*,_,*)950724
viankekelly@gmail.com:Monya2004
nricok@gmail.com:kg012005@EK
nagapawumi@air-blog.com:admin
Kumarmobilesadm@gmail.com:Options123#
cale.hill16@gmail.com:gameboy16
carmenrojas.as.q@gmail.com:123asd123*
nkegga@gmail.com:AEDSERDsrfde4421
guediawaye@gmail.com:Ribellu2@
kalek74053@94jo.com:?
g3x3kstxk8@inscriptio.in:9616@Irfan
threatdetect99@outlook.com:Nathan46*@!!
alphapokemon15@gmail.com:maxmadhur
shawnhaaland@gmail.com:4553Rooney
joking870@gmail.com:hpl]sgdlhk11
souf.souf.net@gmail.com:Newnew@2020
ekartash@mac.com:Michigan2!
shawngiordano20@gmail.com:4553Rooney
frankbuzzurro@gmail.com:4553Rooney
viwiwol927@qortu.com:Azer1234
sinomo2772@qortu.com:Azer1234
bobiseven00@gmail.com:BOB21571347
bobiseven00@gmail.com:BOB21571347
z3fjnlbgb3@safemail.icu:riyazhero
wedameh611@febeks.com:riyazhero
loayatef@hotmail.com:12101990I
ellagibson.5.3.10.9.0.5@gmail.com:*GKwXeki!yT!mC3
niyov47761@estopg.com:Azer1234
joking870@gmail.com:hpl]sgdlhk11
joking8701@gmail.com:hpl]sgdlhk11
giordshawn@icloud.com:4553Rooney$
fakeking1131@gmail.com:Riyazhero1!
yb2jtn0h3h@safemail.icu:riyazhero
xfmmfad7vs@myinbox.icu:riyazhero
sm1nthjpxu@just4fun.me:riyazhero
rofawo4946@menece.com:riyazhero1@
j9u1u7m4t6@privacy-mail.top:riyazhero
hqfpta4f0m@myinbox.icu:riyazhero
fjoh9bb14q@safemail.icu:riyazhero
eik3v6atos@just4fun.me:riyazhero
bi4wlx4io1@safemail.icu:riyazhero
5jmme9p7gv@safemail.icu:riyazhero
2y7jndd3bx@privacy-mail.top:riyazhero
2g4fzir7i2@happy-new-year.top:riyazhero
reyelislami@gmail.com:LwQ79zf8ny!a2JU
joshguz3345@gmail.com:LwQ79zf8ny!a2JU
maik.bruenjes@bruenjes.net:star99
mgrudkowski@wp.pl:kupa123
billrich18@gmail.com:3ffu83ffu8
billric18@gmail.com:3ffu83ffu8
joshguz3345@gmail.com:LwQ79zf8ny!a2JU
darlingortiz089@gmail.com:20peso012@
maik.bruenjes@bruenjes.net:star99
maik.bruenjes@bruenjes.net:star99
deedeea96@qvwthrows.com:DEMONS123my$$
josefdezpich@gmail.com:Peace224004.
frederic.lourenco@numericable.com:Margaux7855132
funnamed0@gmail.com:asdxlol12.
bu@disbox.net:27091968
nooyam555@gmail.com:25292529
ursulac20@mailgen.biz:Dragonball1
jellyfishding@gmail.com:s5577443
jellyfishding@gmail.com:s5577443
jellyfishding@gmail.com:s5577443
jellyfishding@gmail.com:s5577443
jellyfishding@gmail.com:s5577443
mateus.jogosh@gmail.com:mateus159357
genieonetwo@pm.me:Malhamma1983!
Josh_waller00@yahoo.com:Fuckit143!
lyh21369@gmail.com:ali2ali2
joshuamennunipacassoni@gmail.com:Oranye!5
wipbuc@mailpoof.com:Joshua20078
veejay120793@gmail.com:258456619Op
ben1b@hotmail.com:Snazbot97
risaxucut@mail-app.net:ak23a45a
eleanorgonzalez79@gmail.com:@Sobuj2023
glahnmoritz@11stkp.de:Anders12!
petetamas1980@gmail.com:play462500
Eftefirozahmed@gmail.com:#@Firoz4532
gergessamer22@gmail.com:22236085kg
Jhonsantos.rj@gmail.com:Santos11121991
mahafijurrahmanjoy@gmail.com:B!4nXDRxk-zhsV#
alleyeonme028@gmail.com:always0249
baloy0014@gmail.com:123456
ashkyle2002@gmail.com:panasonic7
reyoriv@mail-v.net:z4YRP9@8$q!6r8F
800xx8681@gmail.com:Hjkl1970
hassanettahiri11@gmail.com:0682868042
din1045@mailbox.org:28Vpn65?
baesteerowanderson22@gmail.com:lion2236
marcofodde@hotmail.com:iosto123
leomorris125@outlook.com:goofyahhbozo1@A
kleelockerby@gmail.com:qwEr1@34
mirza.arif54@gmail.com:oppakistan12345
sandeshsahetiya12@gmail.com:Sandesh@12
botzcleaner@gmail.com:Pepeching@n77
jdkh961@gmail.com:DGAVSGfsgs5824
thibtms13@gmail.com:pBeHrAbi6dkGKB!
alaminhossenbappy1995@gmail.com:alaminhossenbappy1995$
fuadpc7@gmail.com:wgAW!nF7TkrE52X
mrdeepakushwah@gmail.com:@786deepak
pshtiwan.mahmud6@gmail.com:Kurd1995
28694994@qq.com:Wang1227
mo7ssin99@gmail.com:0919006365
VinesAlyutina1986@yandex.ru:Amin2001
m2ssho@gmail.com:Mesho$12
orlandosorio1@gmail.com:Jumajo1486
larodag859@hancack.com:0682868042
agedfb@gmail.com:0599674544
kauawallace4551@gmail.com:Kuringa07
polland2512@gmail.com:Donald2512=
punjabmix.in@gmail.com:Punjab@123
lexejox459@onzmail.com:drendtdale2009
409996948@qq.com:lyj640054
nskover@wi.rr.com:nsjr
joeandree701@gmail.com:#cdcd1123
ralphnelson231@gmail.com:Ralphneson231@
rualqdhhdu@metalunits.com:buFb!3cCP5yM25Z
weiqiang@dariusoh.com:anwwf5t7
fantomas1991@gmail.com:16071991a
alvaradopatricia474@gmail.com:fabioteamo1@
samirw@hotmail.com:V9WUJvQ2
mark.dexter@gmail.com:Dilbert1!
dagostino.gianluca@gmail.com:simo2803
Jonsnow44372@gmail.com:anass1010
bahitman1129@gmail.com:Bahitmanabc1129
24trigokike@gmail.com:Kike9604@
isaacmontejano1@gmail.com:ch1234567890
oucif.madjid3@gmail.com:19930925Oucif
xiaowestholt@gmail.com:Trapacc123
grant_thomson1984@yahoo.co.uk:Sabliv80
vyp80@tpremss.ml:Godislove
409996948@qq.com:Lyj640054
ladiosa008@gmail.com:8099151609
biwites183@hafutv.com:miofratellodenis
asrafulkhan0176161@gmail.com:ashraful12345678@
udiwm13060@xbreg.com:123456789
katharinajane.sexygirl@gmail.com:@Vutrongmanh123
1149071819@qq.com:Lu5200251314.
//www.vyprvpn.com/controlpanel/login):arteldiego@gmail.com:alpha11
r_scar2000@yahoo.com:Richardp6@
irbraqe@hi2.in:raahim000011
fbarcabahaa@assetcrypto.com:fbarcabahaa@assetcrypto.com
johnny.desing@gmail.com:manga3887
kowgos@gmail.com:a01010
jixan20569@pbridal.com:123!"#qwe$%&8
ceby.2014@gmail.com:aspirine
rohagol763@yunchali.com:antonio24
larodag859@hancack.com:0682868042
28694994@qq.com:Wang1227
victorjose3939503@icloud.com:2006REALking
mertguelbe@gmail.com:21312131Mert%
edgarshunin@gmail.com:ed90261*
defoegreengoblon@gmail.com:merchstreak45
novankaw@gmail.com:Oranye!5
crejmiv786@vsmini.com:raahim0000
christianrohlan@gmail.com:sandy123
cairoadele747409@gmail.com:hoangkhai123
rodriguezcruz@me.com:AA33xx
destovospo@nedoz.com:destovospo@nedoz.com
hfaycal1@gmail.com:Faycal1973
davidoff119@hotmail.com:bailang007s
qwyal@hi2.in:DmWVxnCzBqvn!t8
aurellelo289@gmail.com:Gameovertm0289
digler229@aol.com:dig1er
aleksomdias157@gmail.com:aleksom157
p.a.osborne28@gmail.com:KungPA0!
no.e.l.iap.aco.c.ha9.0@gmail.com:micro##soft1
hafic63650@vaband.com:Habib@14907%
joykhansayan000@gmail.com:iTSUSAGMAIL1
joykhansayan000@gmail.com:iTSUSAGMAIL1
yogeepro01@gmail.com:Tupapa400.
teozog@nootat.co.uk:azimatouemma
pms@htmlpro.net:Lahore@100@
capchuckprice@gmail.com:9k9z89Ux
deborahmathews516@gmail.com:Facebook21@
ronalcurva@gmail.com:Facebook21
sonya1720@hotmail.com:Holahola360
waledmagdykefafy@gmail.com:.sqmN!UB2e8t7SN
waledmagdykefafy@gmail.com:.sqmN!UB2e8t7SN
8gcd4g@hotsoup.be:mamita01
mazen72008@gmail.com:Haker123_123ihatethis
maderoj279@gmail.com:Juan-2908
naveen.k@glowtouch.com:Shu_6969
naveen.k@glowtouch.com:Shu_6969
joaopaulo.menezes@live.com:Maria140983
joaopaulo.menezes@live.com:Maria140983
naveen.k@glowtouch.com:Shu_6969
naveen.k@glowtouch.com:Shu_6969
naveen.k@glowtouch.com:Shu_6969
naveen.k@glowtouch.com:Shu_6969
jjgomezarjona@gmail.com:Juan0@0
loreenalzoubi4@gmail.com:0781323777**
danielchipx@gmail.com:Goku1212
kingjao63@hotmail.com:kyojin123
Josu_isra_88@hotmail.com:091811400josue2020
Josu_isra_88@hotmail.com:091811400josue2020
peiliechen91@gmail.com:Blackhant3r
leokungen2@gmail.com:123
locok.01.1@gmail.com:Geesyink890
liamrex7@gmail.com:rexy#565667
maddown16@gmail.com:mad435000000
manvsbee@knowledgemd.com:Peterb6087
lappleyard006@gmail.com:landon31
lebzeg@mailpoof.com:deroin16
manzap@mailpoof.com:deroin16
madjidmsila@gmail.com:f@2!h!dUKadE@Kb
mafona8424@jentrix.com:!K#L!Ca#4dj.QWY
lukeegreen@gmail.com:Muse08V
legendsk18@gmail.com:skyt
lukesa8068@gmail.com:Buttbutt22!22
lyuchengyun0703@gmail.com:Daohaoqu4!?
matej8008@gmail.com:matejbice23
neorod@mailpoof.com:deroin16
mokoenamakalo@gmail.com:SSMNz5mwgD7ny!n
nerducifye@vusra.com:T@mer2008
mdahsu@mailto.plus:aG.q5eT77GCmQH@
mkeller1216@gmail.com:Qwerty1!
mawgue@mailpoof.com:s123fg
mystary98@gmail.com:joao123
peiliechen91@gmail.com:Blackhant3r
leokungen2@gmail.com:123
locok.01.1@gmail.com:Geesyink890
liamrex7@gmail.com:rexy#565667
maddown16@gmail.com:mad435000000
manvsbee@knowledgemd.com:Peterb6087
lappleyard006@gmail.com:landon31
lebzeg@mailpoof.com:deroin16
manzap@mailpoof.com:deroin16
madjidmsila@gmail.com:f@2!h!dUKadE@Kb
mafona8424@jentrix.com:!K#L!Ca#4dj.QWY
lukeegreen@gmail.com:Muse08V
legendsk18@gmail.com:skyt
lukesa8068@gmail.com:Buttbutt22!22
lyuchengyun0703@gmail.com:Daohaoqu4!?
matej8008@gmail.com:matejbice23
neorod@mailpoof.com:deroin16
mokoenamakalo@gmail.com:SSMNz5mwgD7ny!n
nerducifye@vusra.com:T@mer2008
mdahsu@mailto.plus:aG.q5eT77GCmQH@
mkeller1216@gmail.com:Qwerty1!
mawgue@mailpoof.com:s123fg
mystary98@gmail.com:joao123
muhammadsultanazmi15@gmail.com:muhammad15
nesom28875@menece.com:JakiMandi@#12345
mattis.rahnel@gmail.com:11Rahnel
matty.jackson@hotmail.com:Grandad2!
minecraftstealertest@gmail.com:123qweasdzxc123
monimi7992@provlst.com:letmealone3
mopew82072@poetred.com:Binod
nafisfuad50@gmail.com:654321
neafap@mailpoof.com:bigfish86!
muhammadsultanazmi15@gmail.com:muhammad15
nesom28875@menece.com:JakiMandi@#12345
mattis.rahnel@gmail.com:11Rahnel
matty.jackson@hotmail.com:Grandad2!
minecraftstealertest@gmail.com:123qweasdzxc123
monimi7992@provlst.com:letmealone3
mopew82072@poetred.com:Binod
nafisfuad50@gmail.com:654321
neafap@mailpoof.com:bigfish86!
mynewfish06@gmail.com:Trampoline12
maximechristophe00@yahoo.com:Yvan2019
nadot30100@mailvxin.net:wweraw
mertguelbe@gmail.com:21312131Mert%
khairi.rana1910@gmail.com:Forget!@286
said.gzz.grcia@gmail.com:@CholoCholo2121
aylin78c_j364f@cikuh.com:HN3Kq9ZpQ
geoeyego@gmail.com:Ilovebfs101
art@sydh.site:Caifi22!
hidemvpn@gmail.com:baneba87
lamar@6mail.top:Sanagyan88@@
locok.04.1@gmail.com:Geesyink890
sitrijerzu@nedoz.com:santiagohv905
kewiki7754@jooffly.com:Sangalo22*
serenasa28@gmail.com:23031988sA@
mazukiuki@gmail.com:mar1234567890
carlageany2022@gmail.com:7yJ@9QmAdV4!#Wk
muath0280@gmail.com:Muath0280@@
johnny.desing@gmail.com:manga3887
carlinhagians@gmail.com:Sangalo22*
game12hy@gmail.com:Actto001
nertiuqatja@gmail.com:Shkelqime2007
evermtz123@gmail.com:Dariel00xx
carlageany2021@gmail.com:Sangalo22Ix*
davinci_dev@hotmail.com:5545zz
luismirabaa@gmail.com:-7h#63rY-5Phs$B
barry.huisman@gmail.com:meike2005
smillette1383@gmail.com:Hailstorm13
yoxaf20528@1heizi.com:mr.root133
pocohovo@maxmail.info:kooora.com
jixan20569@pbridal.com:123!"#qwe$%&8
kerkusospa@nedoz.com:santiagohv905
maderoj279@gmail.com:Juan-2908
maderoj279@gmail.com:Juan-2908
naveen.k@glowtouch.com:Shu_6969
naveen.k@glowtouch.com:Shu_6969
joaopaulo.menezes@live.com:Maria140983
joaopaulo.menezes@live.com:Maria140983
naveen.k@glowtouch.com:Shu_6969
naveen.k@glowtouch.com:Shu_6969
naveen.k@glowtouch.com:Shu_6969
naveen.k@glowtouch.com:Shu_6969
jjgomezarjona@gmail.com:Juan0@0
loreenalzoubi4@gmail.com:0781323777**
danielchipx@gmail.com:Goku1212
kingjao63@hotmail.com:kyojin123
peiliechen91@gmail.com:Blackhant3r
leokungen2@gmail.com:123
locok.01.1@gmail.com:Geesyink890
liamrex7@gmail.com:rexy#565667
maddown16@gmail.com:mad435000000
manvsbee@knowledgemd.com:Peterb6087
lappleyard006@gmail.com:landon31
lebzeg@mailpoof.com:deroin16
manzap@mailpoof.com:deroin16
madjidmsila@gmail.com:f@2!h!dUKadE@Kb
mafona8424@jentrix.com:!K#L!Ca#4dj.QWY
lukeegreen@gmail.com:Muse08V
legendsk18@gmail.com:skyt
lukesa8068@gmail.com:Buttbutt22!22
lyuchengyun0703@gmail.com:Daohaoqu4!?
matej8008@gmail.com:matejbice23
neorod@mailpoof.com:deroin16
mokoenamakalo@gmail.com:SSMNz5mwgD7ny!n
nerducifye@vusra.com:T@mer2008
mdahsu@mailto.plus:aG.q5eT77GCmQH@
mkeller1216@gmail.com:Qwerty1!
mawgue@mailpoof.com:s123fg
mystary98@gmail.com:joao123
muhammadsultanazmi15@gmail.com:muhammad15
nesom28875@menece.com:JakiMandi@#12345
mattis.rahnel@gmail.com:11Rahnel
matty.jackson@hotmail.com:Grandad2!
minecraftstealertest@gmail.com:123qweasdzxc123
monimi7992@provlst.com:letmealone3
mopew82072@poetred.com:Binod
nafisfuad50@gmail.com:654321
neafap@mailpoof.com:bigfish86!
mynewfish06@gmail.com:Trampoline12
maximechristophe00@yahoo.com:Yvan2019
nadot30100@mailvxin.net:wweraw
mertguelbe@gmail.com:21312131Mert%
khairi.rana1910@gmail.com:Forget!@286
said.gzz.grcia@gmail.com:@CholoCholo2121
aylin78c_j364f@cikuh.com:HN3Kq9ZpQ
geoeyego@gmail.com:Ilovebfs101
art@sydh.site:Caifi22!
hidemvpn@gmail.com:baneba87
lamar@6mail.top:Sanagyan88@@
locok.04.1@gmail.com:Geesyink890
sitrijerzu@nedoz.com:santiagohv905
kewiki7754@jooffly.com:Sangalo22*
serenasa28@gmail.com:23031988sA@
mazukiuki@gmail.com:mar1234567890
carlageany2022@gmail.com:7yJ@9QmAdV4!#Wk
muath0280@gmail.com:Muath0280@@
johnny.desing@gmail.com:manga3887
carlinhagians@gmail.com:Sangalo22*
game12hy@gmail.com:Actto001
nertiuqatja@gmail.com:Shkelqime2007
evermtz123@gmail.com:Dariel00xx
carlageany2021@gmail.com:Sangalo22Ix*
davinci_dev@hotmail.com:5545zz
luismirabaa@gmail.com:-7h#63rY-5Phs$B
barry.huisman@gmail.com:meike2005
smillette1383@gmail.com:Hailstorm13
yoxaf20528@1heizi.com:mr.root133
pocohovo@maxmail.info:kooora.com
jixan20569@pbridal.com:123!"#qwe$%&8
kerkusospa@nedoz.com:santiagohv905
hafic63650@vaband.com:Habib@14907%
joykhansayan000@gmail.com:iTSUSAGMAIL1
joykhansayan000@gmail.com:iTSUSAGMAIL1
yogeepro01@gmail.com:Tupapa400.
teozog@nootat.co.uk:azimatouemma
pms@htmlpro.net:Lahore@100@
capchuckprice@gmail.com:9k9z89Ux
deborahmathews516@gmail.com:Facebook21@
ronalcurva@gmail.com:Facebook21
sonya1720@hotmail.com:Holahola360
waledmagdykefafy@gmail.com:.sqmN!UB2e8t7SN
waledmagdykefafy@gmail.com:.sqmN!UB2e8t7SN
8gcd4g@hotsoup.be:mamita01
mazen72008@gmail.com:Haker123_123ihatethis
maderoj279@gmail.com:Juan-2908
selakak233@ofmailer.net:join@Techsahil
27631788@g.g:27631788
kamilbielecki@ymail.com:Totreno85!
bushnyc@gmail.com:Freedom108
arathnieto79@gmail.com:Contrasena123
allica@meows.ga:Mingprems123
m.ebedo.mefe@gmail.com:@Ebedo1590
puspor@mailpoof.com:sabaluka123
jdirks01@gmail.com:Aa716626!
vyper350@protonmail.com:8c4b31fS
cole.edmonds@gmail.com:060994c
samsathd7@gmail.com:10061980
xacoce7073@mailrunner.net:MOLImoli1
ethanoncrackfn@gmail.com:Zygardesthebest1
kacper.lukaszczyk@o2.pl:Jebacpolicje123
xowim67110@fazmail.net:annisdalid
ka.ram@hotmail.com:zg46kELQ5467qZ8
jasonpapax2pac@gmail.com:90769457
juewii@emailme.design:655uUacSzeCHLx#
nikol51@protonmail.com:reaction
finoje2715@566dh.com:favaka30
mojluj@mailpoof.com:Frankprank69!
ash@ashedmondson.me.uk:Orangelion007@
migeles956@oniaj.com:f8c7J@hgA8z5EHs
daniaal.choudhary@intapp.com:Bartsimpson10
vyprmnuownsas@gmail.com:24sumonroy
percharlie@aol.com:torres11
gerbil77@wmlorgana.com:08June@1997
lucasthom@aol.com:Czarny9955
xedire6179@lerwfv.com:Ko199393
mkumarimkumari763@gmail.com:Rami1970
suopij@mailpoof.com:deroin16
neafap@mailpoof.com:bigfish86!
zpollichw_o289z@cikuh.com:15677597j
jinelle8@zyyberrys.com:Accedi789@
ducida@2p-mail.com:perduta324
jakepshtiwan@gmail.com:Hawler1995
duyentran607@gmail.com:Zeeshan@1982
elmichael7272@outlook.com:Ramos2826282.
medkaouachi785@gmail.com:Kaouachi785#
borovikovd@mail.ru:5526118
ahowlett1@aol.com:Tonyth100
drew.firestone@gmail.com:lakers
sefifey899@jalunaki.com:mariela34.
nachodangiii@gmail.com:nacho1234
luckysparrow0910@gmail.com:Bc130211Cc
aunvivohoy4.04@gmail.com:gratis4.04
ismailc22meca@qq.com:vyper2021
eutta2773@protonmail.ch:maximum22
russell.whemr.181.99.7@gmail.com:Leaders2003
Poseidom202@hotmail.com:LL80952656ll
mariana@meows.ga:Mingprems123
laowangjing99@gmail.com:PianoMan99
maik.bruenjes@bruenjes.net:star99
edgarshunin@gmail.com:ed90261*
th.santos@icloud.com:YesIam41893$
luckysparrow0910@gmail.com:Bc130211Cc
snitfiyouness@gmail.com:Lookpop1986+@
cairoadele747409@gmail.com:Kh@i010996
ben1b@hotmail.com:Snazbot97
eastona48@gmail.com:Ahlers75
neyadas405@macosnine.com:m10l11k12
tan.josellen@gmail.com:Tan080419
hridoyhiva@gmail.com:srs$$112233
marcofodde@hotmail.com:iosto123
smmcoce145@dhamsi.com:Jack123@
wmalInAch@xs4all.nl:040311980aB
kamalabdulnour@gmail.com:kimo@kimo
joshuamennunipacassoni@gmail.com:Oranye!5
nighthaxmc@gmail.com:Adam2009!
hvnajahodoaa@talk21.com:LUCInka443--
hddurjoysarkar4572@gmail.com:45723678D#
marketexpress00@gmail.com:omar0618924437
quyn9252@gmail.com:12345sss
orlandosorio1@gmail.com:Jumajo1486
josh.ks90@gmail.com:0613905004
norobeh590@naymedia.com:Skadosh88_
joseratia2010@gmail.com:jose-ale-13
ASDGMASHDV@gmail.com:yTYas6m7c*fN3a3
leszekciszewski@gmail.com:f6P$fQr8nG4#H2w
lsanderholos@gmail.com:25252625
belyext@gmail.com:010203_vv
kban095@gmail.com:78907890
thealt825@outlook.com:ak23a45a
mahamud7023@gamil.com:@#Mahamud@#1
mlrioso@xs4all.nl:Yd--26j34ih0
VinesAlyutina1986@yandex.ru:Amin2001
eastona48@gmail.com:Ahlers75
junlay19944@gmail.com:Pyaemaung0987654321#
kowgos@gmail.com:a22222
kicasemaichel90@gmail.com:Naim474@@
jesseedwards3@yahoo.com:Widerule3
paulita.merre@gmail.com:@ReeferShop1
yukisisw@gmail.com:YUkiGoogle16115
allal-mami@hotmail.com:mamineallal1975+
patrckUtil@vodafone.de:200519
earlmoran@comcast.net:Bridgewave#77
juanespitiark77@gmail.com:Heroico88@
kuper80908090@gmail.com:#Pinedo12
irinokhca@mailinator.com:Gaboce@1i
hakbaby92@gmail.com:616237HaHa!@
punjabmix.in@gmail.com:Punjab@123
danielylasfernandez2@gmail.com:daniel_seco
mele@voemail.com:21012101
bimepet243@majorsww.com:emino2000
valintino.h@gmail.com:Bendali123
peterbeler@yahoo.com:Core732zyp
ah.uddin93@gmail.com:ahuddin93
ahmedmostfa@kpay.be:GeRoO1997
dixof96947@raotus.com:syedharus123.
thurneysen@gmail.com:Tijakool23
dedjaalmas81@gmail.com:AsifXmax6%!
din1045@mailbox.org:28Vpn65?
minecraftstealertest@gmail.com:123qweasdzxc123
dbiki5137@gmail.com:Sukh14703690@
etsimo84@gmail.com:MOHASY84
ducida@2p-mail.com:perduta324
jakepshtiwan@gmail.com:Hawler1995
duyentran607@gmail.com:Zeeshan@1982
elmichael7272@outlook.com:Ramos2826282.
medkaouachi785@gmail.com:Kaouachi785#
borovikovd@mail.ru:5526118
ahowlett1@aol.com:Tonyth100
drew.firestone@gmail.com:lakers
sefifey899@jalunaki.com:mariela34.
nachodangiii@gmail.com:nacho1234
luckysparrow0910@gmail.com:Bc130211Cc
aunvivohoy4.04@gmail.com:gratis4.04
ismailc22meca@qq.com:vyper2021
eutta2773@protonmail.ch:maximum22
russell.whemr.181.99.7@gmail.com:Leaders2003
Poseidom202@hotmail.com:LL80952656ll
mariana@meows.ga:Mingprems123
laowangjing99@gmail.com:PianoMan99
maik.bruenjes@bruenjes.net:star99
edgarshunin@gmail.com:ed90261*
th.santos@icloud.com:YesIam41893$
luckysparrow0910@gmail.com:Bc130211Cc
snitfiyouness@gmail.com:Lookpop1986+@
cairoadele747409@gmail.com:Kh@i010996
ben1b@hotmail.com:Snazbot97
eastona48@gmail.com:Ahlers75
neyadas405@macosnine.com:m10l11k12
tan.josellen@gmail.com:Tan080419
hridoyhiva@gmail.com:srs$$112233
marcofodde@hotmail.com:iosto123
smmcoce145@dhamsi.com:Jack123@
wmalInAch@xs4all.nl:040311980aB
kamalabdulnour@gmail.com:kimo@kimo
joshuamennunipacassoni@gmail.com:Oranye!5
nighthaxmc@gmail.com:Adam2009!
hvnajahodoaa@talk21.com:LUCInka443--
hddurjoysarkar4572@gmail.com:45723678D#
marketexpress00@gmail.com:omar0618924437
quyn9252@gmail.com:12345sss
orlandosorio1@gmail.com:Jumajo1486
josh.ks90@gmail.com:0613905004
norobeh590@naymedia.com:Skadosh88_
joseratia2010@gmail.com:jose-ale-13
ASDGMASHDV@gmail.com:yTYas6m7c*fN3a3
leszekciszewski@gmail.com:f6P$fQr8nG4#H2w
lsanderholos@gmail.com:25252625
belyext@gmail.com:010203_vv
kban095@gmail.com:78907890
thealt825@outlook.com:ak23a45a
mahamud7023@gamil.com:@#Mahamud@#1
mlrioso@xs4all.nl:Yd--26j34ih0
VinesAlyutina1986@yandex.ru:Amin2001
eastona48@gmail.com:Ahlers75
junlay19944@gmail.com:Pyaemaung0987654321#
kowgos@gmail.com:a22222
kicasemaichel90@gmail.com:Naim474@@
jesseedwards3@yahoo.com:Widerule3
paulita.merre@gmail.com:@ReeferShop1
yukisisw@gmail.com:YUkiGoogle16115
allal-mami@hotmail.com:mamineallal1975+
patrckUtil@vodafone.de:200519
earlmoran@comcast.net:Bridgewave#77
juanespitiark77@gmail.com:Heroico88@
kuper80908090@gmail.com:#Pinedo12
irinokhca@mailinator.com:Gaboce@1i
hakbaby92@gmail.com:616237HaHa!@
punjabmix.in@gmail.com:Punjab@123
danielylasfernandez2@gmail.com:daniel_seco
mele@voemail.com:21012101
bimepet243@majorsww.com:emino2000
valintino.h@gmail.com:Bendali123
peterbeler@yahoo.com:Core732zyp
ah.uddin93@gmail.com:ahuddin93
ahmedmostfa@kpay.be:GeRoO1997
dixof96947@raotus.com:syedharus123.
thurneysen@gmail.com:Tijakool23
dedjaalmas81@gmail.com:AsifXmax6%!
din1045@mailbox.org:28Vpn65?
minecraftstealertest@gmail.com:123qweasdzxc123
dbiki5137@gmail.com:Sukh14703690@
etsimo84@gmail.com:MOHASY84
ducida@2p-mail.com:perduta324
jakepshtiwan@gmail.com:Hawler1995
duyentran607@gmail.com:Zeeshan@1982
elmichael7272@outlook.com:Ramos2826282.
medkaouachi785@gmail.com:Kaouachi785#
borovikovd@mail.ru:5526118
ahowlett1@aol.com:Tonyth100
drew.firestone@gmail.com:lakers
sefifey899@jalunaki.com:mariela34.
nachodangiii@gmail.com:nacho1234
luckysparrow0910@gmail.com:Bc130211Cc
aunvivohoy4.04@gmail.com:gratis4.04
ismailc22meca@qq.com:vyper2021
eutta2773@protonmail.ch:maximum22
russell.whemr.181.99.7@gmail.com:Leaders2003
Poseidom202@hotmail.com:LL80952656ll
mariana@meows.ga:Mingprems123
laowangjing99@gmail.com:PianoMan99
maik.bruenjes@bruenjes.net:star99
edgarshunin@gmail.com:ed90261*
th.santos@icloud.com:YesIam41893$
luckysparrow0910@gmail.com:Bc130211Cc
snitfiyouness@gmail.com:Lookpop1986+@
cairoadele747409@gmail.com:Kh@i010996
ben1b@hotmail.com:Snazbot97
eastona48@gmail.com:Ahlers75
neyadas405@macosnine.com:m10l11k12
tan.josellen@gmail.com:Tan080419
hridoyhiva@gmail.com:srs$$112233
marcofodde@hotmail.com:iosto123
smmcoce145@dhamsi.com:Jack123@
wmalInAch@xs4all.nl:040311980aB
kamalabdulnour@gmail.com:kimo@kimo
joshuamennunipacassoni@gmail.com:Oranye!5
nighthaxmc@gmail.com:Adam2009!
hvnajahodoaa@talk21.com:LUCInka443--
hddurjoysarkar4572@gmail.com:45723678D#
marketexpress00@gmail.com:omar0618924437
quyn9252@gmail.com:12345sss
orlandosorio1@gmail.com:Jumajo1486
josh.ks90@gmail.com:0613905004
norobeh590@naymedia.com:Skadosh88_
joseratia2010@gmail.com:jose-ale-13
ASDGMASHDV@gmail.com:yTYas6m7c*fN3a3
leszekciszewski@gmail.com:f6P$fQr8nG4#H2w
lsanderholos@gmail.com:25252625
belyext@gmail.com:010203_vv
kban095@gmail.com:78907890
thealt825@outlook.com:ak23a45a
mahamud7023@gamil.com:@#Mahamud@#1
mlrioso@xs4all.nl:Yd--26j34ih0
VinesAlyutina1986@yandex.ru:Amin2001
eastona48@gmail.com:Ahlers75
junlay19944@gmail.com:Pyaemaung0987654321#
kowgos@gmail.com:a22222
kicasemaichel90@gmail.com:Naim474@@
jesseedwards3@yahoo.com:Widerule3
paulita.merre@gmail.com:@ReeferShop1
yukisisw@gmail.com:YUkiGoogle16115
allal-mami@hotmail.com:mamineallal1975+
patrckUtil@vodafone.de:200519
earlmoran@comcast.net:Bridgewave#77
juanespitiark77@gmail.com:Heroico88@
kuper80908090@gmail.com:#Pinedo12
irinokhca@mailinator.com:Gaboce@1i
hakbaby92@gmail.com:616237HaHa!@
punjabmix.in@gmail.com:Punjab@123
danielylasfernandez2@gmail.com:daniel_seco
mele@voemail.com:21012101
bimepet243@majorsww.com:emino2000
valintino.h@gmail.com:Bendali123
peterbeler@yahoo.com:Core732zyp
ah.uddin93@gmail.com:ahuddin93
ahmedmostfa@kpay.be:GeRoO1997
dixof96947@raotus.com:syedharus123.
thurneysen@gmail.com:Tijakool23
dedjaalmas81@gmail.com:AsifXmax6%!
din1045@mailbox.org:28Vpn65?
minecraftstealertest@gmail.com:123qweasdzxc123
dbiki5137@gmail.com:Sukh14703690@
etsimo84@gmail.com:MOHASY84
ducida@2p-mail.com:perduta324
jakepshtiwan@gmail.com:Hawler1995
duyentran607@gmail.com:Zeeshan@1982
elmichael7272@outlook.com:Ramos2826282.
medkaouachi785@gmail.com:Kaouachi785#
borovikovd@mail.ru:5526118
ahowlett1@aol.com:Tonyth100
drew.firestone@gmail.com:lakers
sefifey899@jalunaki.com:mariela34.
nachodangiii@gmail.com:nacho1234
luckysparrow0910@gmail.com:Bc130211Cc
aunvivohoy4.04@gmail.com:gratis4.04
ismailc22meca@qq.com:vyper2021
eutta2773@protonmail.ch:maximum22
russell.whemr.181.99.7@gmail.com:Leaders2003
Poseidom202@hotmail.com:LL80952656ll
mariana@meows.ga:Mingprems123
laowangjing99@gmail.com:PianoMan99
maik.bruenjes@bruenjes.net:star99
edgarshunin@gmail.com:ed90261*
th.santos@icloud.com:YesIam41893$
luckysparrow0910@gmail.com:Bc130211Cc
snitfiyouness@gmail.com:Lookpop1986+@
cairoadele747409@gmail.com:Kh@i010996
ben1b@hotmail.com:Snazbot97
eastona48@gmail.com:Ahlers75
neyadas405@macosnine.com:m10l11k12
tan.josellen@gmail.com:Tan080419
hridoyhiva@gmail.com:srs$$112233
marcofodde@hotmail.com:iosto123
smmcoce145@dhamsi.com:Jack123@
wmalInAch@xs4all.nl:040311980aB
lovinggeologist53@accgen.net:suresh@765020
thoughtfulchilders89@accgen.net:suresh@765020
han@dolsnet.nl:Flamenco-01
mpd717@intopwa.com:@smmalik
mpd717@intopwa.com:@smmalik
pofoho2404@healteas.com:mntutP7F32AiHtW
kuoenn@gmail.com:Josh203111
m4rcf3rn4nd3z1516@gmail.com:april1516
qkbfthu469@sweemri.com:Yeakub26sep@@
johnwalk503@gmail.com:Pavilion002
hobzen@nootat.co.uk:88709979
pedrojulio1@gmail.com:Genericoatl01.
a0938832256@gmail.com:3783762e
qinreed@gmail.com:boostingbobby12
rajaswastiken@gmail.com:Priyahraja81
xoxnvzv894@zaelmo.com:Vipera12345
geickerman@hotmail.com:Passw0rd
thisgirlgood121212@gmail.com:Morgan1118
crosskey13@yahoo.com:jtg123456
897985288@qq.com:521098xhQ
taejee1@gmail.com:giris3647
neyhd05@gmail.com:nene1234
pogbof@mailpoof.com:deroin16
tylrmrtnt07@hotmail.com:martin03
raicelmendoza@yahoo.es:BuEke#Z2kBcYKji
elemamofficial@gmail.com:Nael145626++
hudfaz@mailpoof.com:facupro123
paref76393@spruzme.com:davetherave1922!
rr2710mc@gmail.com:14521880
manzap@mailpoof.com:deroin16
toshkab@gmail.com:mismis23
adem.yakin8989@gmail.com:yakin8989
shkesper@gmail.com:we_we3502547
pedro.peg@gmail.com:642nibts5f
7da680c0d5@himail.online:!!12345!!
acecode1337@protonmail.com:suar1234
hintayallen@yahoo.com:@Raffy1319
alcohol@brry.ml:Oreomilktea123
m.othman@mapletele.com:Moh.2022!@!
ceunos@mailpoof.com:S1mpleHacker@2909
tidroleydu@nedoz.com:giris3647
djcjdoncaster@hotmail.com:mineplex0895604698
sab19f@gmail.com:November41107
jrx_3@hotmail.com:Bahamut85
mohweer1@gmail.com:Moh$weer1
srinurocky2000@gmail.com:srinualla12@
momoalismt23@gmail.com:howtodothings
sur.mohamedhosny@gmail.com:Iloveallah@1
omarashraf2016zx@gmail.com:9ma4ash4af
chadxnyte@hotmail.com:abderrahman
pococel694@girtipo.com:i35FeY@RXZbNWmY
dawng.murphy@outlook.com:[ZL3nUndt'!6N5XY
chris9owen@gmail.com:ceo929san
jazavacjazavcina@gmail.com:M1a5t0e1
manda1@sfr.fr:Manda26101983Mr
275411128@qq.com:8469778
asdroidsofficial@gmail.com:59582asb
kh.abed10@gmail.com:Qwer123$
fvckmeinafordfocus@gmail.com:NiggerBlaster888
hihesij938@febula.com:Safar@1234
pechsovannapha@hotmail.com:dofuse007
mdayekub@gmail.com:ayazayekub7d
johannes.schmiedeberg@web.de:jojo1997
jcnarr@bluewin.ch:patriarche11
goosy.po@gmail.com:monkeynuts01
alibhm36@gmail.com:#Afdq!LBdmY2zqF
dickinsonrahsaan6@gmail.com:FIBRksiv3692
valdab65@egzones.com:valdab65@
realmattross@gmail.com:hammersmith1
Jan.stolba@outlook.com:Omen@2019
jan.stolba@outlook.com:Omen@2019
jan.stolba@outlook.com:Omen@2019
maccharlie260@gmail.com:Chrisshine23
chelo.ballesteros10@gmail.com:Chykoathena10
macrotg6@gmail.com:987654racepl
safodo7120@seacob.com:Safodo7120
abdullahalhassan188@gmail.com:Papadon@123
hyraj.xhovalin@gmail.com:lailaheilAllah1
abramkuespert@gmail.com:2gbgvhsv
ahmed.waitting@gmail.com:Ahmed@01006767301
thisgirlgood121212@gmail.com:Morgan1118
paulo27macedo@gmail.com:Paulocesar28
neyhd05@gmail.com:nene1234
business@darksided.pro:T5HSILeUPKxnF765Qu18
abarton1024@storegmail.com:abarton1024@storegmail.com
sf5xnows@gmail.com:concho123
siddhant8908@gmail.com:Heritage@502
aramirez27777@gmail.com:Hailee<33
major9@gmail.com:keyboard
molep95050@ioxmail.net:Accedi789@
ht00@pccw.pw:200110zhao.
skander20034@gmail.com:skander12
ozzie_f_06@yahoo.com:omega4842
niubi004@gmail.com:Aaaa1234
nazia11@trythe.net:RANDOM12my$$
asadf9090@outlook.co.il:g74qEJxUA$Tu#dm
zoeadherent786@gmail.com:Y!A3mYP4yw-xy8W
yovey66808@xindax.com:.Gd#DCf9R3x56ea
thabanggiven9@gmail.com:19509313tT
yujiahao2003@hotmail.com:Yujiahao2003
vypr2@booh.cf:jeroul99
tonet202411@gmail.com:Ab#250112123
drew.stevenson813@gmail.com:wail2006@
nile622000@gmail.com:cukur123
hansonbarry846@gmail.com:V5wMcypMdJ5^
sbr_47@hotmail.com:3695951753
ahkzga@mail-fix.com:Plateau123@
mirij26432@winmails.net:AhmedRm10
serjiofx@gmail.com:73757375
abe@coxdata.com:Lululove12
smilymcfreshy@gmail.com:KLkZuyC3L@gn6zm
yoseg69383@clsn1.com:15515512Ss
acelathh@gmail.com:Yasi2021
andyshimabuku@hotmail.com:shitakanD1973
jamal1080rtx@gmail.com:W102030w
adonebabusocial@gmail.com:9895023087.aA@
sonnymike@freenet.de:sonnymike10?!
mike72wilson@gmail.com:Pass2word
bhau111@netmail8.com:Bhau1234
legiion17@gmail.com:0599541250
poloyolobolo@outlook.com:Ivanna15
antonino.yoandri@bullbeer.org:112427798
cosodem@mail-card.net:Mo7amed7amdy
minu.hanwool@gmail.com:a1silent
xarowa3500@sdysofa.com:myname00
paulschmidt@gustr.com:A#!sd$bKu3MkpGL
erekesky@gmail.com:Ingenious1
nabymohammed659@gmail.com:Konok82664@
b.medendorp@chello.nl:Desmont01
svrlr76319@dilpik.com:mEGg3bkEz!iE9D5
jeffersonheitor1313@gmail.com:tHc2Tqtdu4sngEu
rojascarlos86@outlook.com:19831009
palesini@gmail.com:ypvpr3339
ya.chi@laposte.net:azertyjetaimemarina18
xatere4368@vmgmails.com:kevinl477:gutierrez23430@gmail.com:agustina2012
dgasmi16@gmail.com:djaber7!?
esrql51031@temxp.net:Rd112233
sjurunp983@coalamails.com:martingarrix
varviz@scrsot.com:bouamoud3695
thehouseofsisssy@gmail.com:THOS@042286
freegamer@mailpoof.com:Nemat0des.
rejota9624@50000z.com:parsa0007
vecaba7159@nazyno.com:mouses031@R
mosab000112@gmail.com:fc5458668025xpFu
onetouchintouch@gmail.com:qweqweqwe
thomas.ferreira-scheyerl@gmx.de:3LZtv9$h2YE_ard
earchant@gmail.com:GabeBet1971$
jvela081755@gmail.com:@JoseVela0821
javaris9@yiustrange.com:Rd112233
ronitdey31@gmail.com:Rd112233
semelej981@lovomon.com:26884609
hawesome1164@gmail.com:Hawsm1164
lamzobg1@gmail.com:Lomohamed1998
wevan2006@gmail.com:None
minhda00912@gmail.com:Anhminh115
vking11000@gmail.com:VKING3710
berbajoshua1313@gmail.com:123456
dino1993@gmail.com:Columbia21
dxakash01779@gmail.com:Salim##1234
zclives@gmail.com:conggy123
baztabword@gmail.com:baztab805
matthew.stull@gmail.com:Tatical2
russo_vitantonio@live.it:Aq
abraham83589@gmail.com:aNJ87snvWfKdwP.
jkm6611@gmail.com:1qazzaq1
robert.h1118@yahoo.com:Beccaandrobert#1
63x4guq0aief@explodemail.com:syedharus123.
sumeersyed623@gmail.com:j$hrjYR5f7qHn#x
noah_ang@hotmail.com:Budy-123-yz
flowzgotdleted@gmail.com:ihgFfgfgj@!
matthewdenna@gmail.com:Matthew156!
b0nkedyou@gmail.com:gritscraft123
gd6eulzmqo@richmail.ga:223344
bludreeemz@gmail.com:Addonics18
christianmikemchugh@gmail.com:PepsiBoi1*
rohanhowlader@howlader123:@Mdsiammk10
juanespitiark77@gmail.com:Heroico88@
theskyy02@outlook.fr:dofuse007
pshtiwan.mahmud6@gmail.com:Kurd1995
sikajumuzi@voemail.com:ZACK.zack216
philis_1991@hotmail.com:Philis17@
CHRISTOPHER.AIME14@GMAIL.COM:Geology_123$
mariewebster79@gmail.com:@Sobuj2023@
hhyggg@gmail.com:nh
colmaflanagan@gmail.com:Tilly123
sobuj01@elorait.com:@Sobuj2023
fabacer287@gameqo.com:01013221818
apkwilliam@gmail.com:Apklinks0055
postrandy125@gmail.com:Vu32409*
ignsoiv@gmail.com:@Journey5!
jamiearmsrong014@gmail.com:Wealthy1
austinthegamer593@gmail.com:g2DMFh2guZThCU8
meando71@aol.com:goORD52C20!@#
Jakoyoucef1@gmail.com:VISA2022@
willapk44@aol.com:Apklinks00
liucoco5566@gmail.com:Liu26416846
admirsmajic10@gmail.com:Ag4jA9vb3aJi!K!
leads.gabriel26@gmail.com:Txofr2ny
younes01mosat@gmail.com:younes201
ybaez@fedomu.org:fedomu104yve
Velaj0898@gmail.com:Josevela0821
markwash3089@gmail.com:8922Allurra
manandy0001@gmail.com:Hopper10
mathieu.tutin@gmail.com:J0k3r69VYPR$
resultboite@gmail.com:Lalamama123..
moukip@mailpoof.com:VyrpVpn1k
shzairyn@gmail.com:shagstas
samsathd7@gmail.com:10061980
arsenalpt@yahoo.com:Payam@1362
andybarbs18@gmail.com:Barber33$
giordano.mottola@me.com:VIVAlaFICA92
ezjak1234321@nootat.co.uk:Arnold0708
alidjidel2004@gmail.com:niggayounoob
giwgib@mailpoof.com:NULL
ommarr1420@gmail.com:omar123omar
lukas@kristensen.pl:Ja20082009
Murad99.loco@gmail.com:loco99..@@1
robertangel192@gmail.com:radennur123
ain.huffaker@yahoo.com:Alex1121
neorod@mailpoof.com:deroin16
ng.clinton2003@gmail.com:Pinaccle1829
mihai.dragomir@hotmail.com:Tulcea@1973
tatan@yopmail.com:horta26@
valojih@gmail.com:Baani13199.
andres.liriano@gmail.com:sDJ3!vdU8NWCv#n
bausuc@mailpoof.com:Frankprank69!
dimis19490@d4wan.com:J2Z2B.5JKLdptfN
oliver.wolf@tcpower.de:@vyprvpnO5O776w7O22
sebastien107@gmail.com:jouvence@12
ironmanriham@gmail.com:I@msam99
akrobert9072@gmail.com:Gianna2018
hudsau@mailpoof.com:deroin16
ya.chi@laposte.net:azertyjetaimemarina18
veccif@mailpoof.com:deroin16
zucuwihesu@direct-mail.top:Bankai11
crezzo@optusnet.com.au:RC3005537
kingdennis098@gmail.com:gnusmas123
bencham050422@icloud.com:Benjamin050422
mark11111112@yahoo.co.uk:UQQwr9ASbjNbVzC
mojluj@mailpoof.com:Frankprank69!
vagama1611@rvemold.com:000000
artesamclean@seo-mailer.com:123Devin.
sxsxsx@baybabes.com:sxsxsx@baybabes.com
prowebstart@gmail.com:8778GSGvpn
denox23@gmail.com:energy2000
jakeland500@gmail.com:Rangers62
rapevypr@byom.de:Mohit123
lukethebetatester@outlook.com:Coco2023.
h4rmonthomas@gmail.com:s4inTPaT85!!
sbrkljac@hotmail.com:Sb120978
kuovet@mailpoof.com:deroin16
dhhdzema@gmail.com:Technolose12
everitt741@gmail.com:Bradysbitch741
frankdrummle97@youtmail.tk:waku1437
ytvskd@thriving.ga:38952283
fiirat1t@gmail.com:F.urat1988%%
eren2406@gmail.com:istanbul24
andres.liriano@gmail.com:sDJ3!vdU8NWCv#n
malqaed@gmail.com:ALAwadhi
freegamer@mailpoof.com:$gL8bD2FsZkG#Us
coldasicecool5@gmail.com:1041Central!
puvseg@mailpoof.com:deroin16
rafael2014.yon@gmail.com:1234yonnoy
ZAKRIYA996@YAHOO.COM:147852369
rawafedjosite@gmail.com:q12345678
tb227918@yahoo.com:Bibibubu17
titouanclow01@gmail.com:c9.YV3pUV2s7D6c
smart4all007@gmail.com:Aa123qwe
harjui@mailpoof.com:deroin16
parisdragne100@gmail.com:Elgenio100*
igrind45305@gmail.com:Sillyjake1316
kupap@mail-app.net:alexa123
hatwinsix@magim.be:hatman666
dsattler@gmx.at:r7da8z5l
creecherz@gmail.com:soccer1
davut.1996@hotmail.de:Hallo1096
zongomar087@live.fr:Solution@87
poloyolobolo@outlook.com:Ivanna15
premium101@zik2zik.com:ilijavagic3Aa
stephenyhb@outlook.com:Pc204364
Beingme207@gmail.com:Naupiang12
mganfin@outlook.com:hmd123
newcruz@hotmail.fr:nassim1985
yibinej624@leonvero.com:abhi2412
kuku101010@gmail.com:Banana01
paul.d.leslie@hotmail.co.uk:Leilanij08
bezmib@mailpoof.com:deroin16
Apachea4@gmail.com:Jayjay104703
peach@tinatangi.tk:Hello2022
c2020625277@hotmail.com:Mouhammed14
tonmoymozumder77@gmail.com:Tonmoy5925@X
kalvyntoutee59@gmail.com:f65PmY@42RW4k@.
granthemsley@gmail.com:*X$z4_V3#8KVvG7
uwmhx76300@wpfoo.com:0bl!vioN
umair.zaheer@technado.co:Technado@123#
ammrezagh2@gmail.com:MMrezaGH123
martinsrussell905@gmail.com:8788038220@Ab
haruhi0573@gmail.com:C2yyxpjp.
omarhusseinzayed@hotmail.com:Underground123
arabgamer600@gmail.com:hamzagaming3
hoketal762@yektara.com:oster809911
as814559@gmail.com:angeljuarez
bolobo2hk@gmail.com:52@HK1997%App
weiqiang@dariusoh.com:anwwf5t7
balfourj@hotmail.co.uk:starwars12
mmartins19922@gmail.com:676787607@@@
ethan.spelts333@gmail.com:hxa8FvJC8XAb!s!
nlkien@hotmail.com:easton7
Kbronzote221@gmail.com:Camilo47@
merciidiot@yopmail.com:[NOT_SAVED]
azimovbekmirzo25@gmail.com:davlat19
hakishami7@gmail.com:0947osama
irossirabah@gmail.com:xavi-2089
drew.stevenson813@gmail.com:wail2006@
mpd717@intopwa.com:@smmalik
hatwinsix@magim.be:hatman666
lateefaramide001@yahoo.com:babaniyas
skander20034@gmail.com:skander12
ah1hamdi@gmail.com:Loveme@1234
favat85565@cctyoo.com:tosia60
kanza19832003@YAHOO.fr:065737408
m.gorgieski@yahoo.com:marko3355
samisamisami@gmail.com:astaldi2021
xxxkiripechxxx@gmail.com:Kiripech1
fareed.iftikhar@gmail.com:12#QWEasd
jukrab@mailpoof.com:Y9sYsbfxHiq@Ud$
1908001909@qq.com:wuhuiru163.com
thaisgaravello@hotmail.com:thatha93
rahuldevindoria@hotmail.com:Sansiroore1
regnowsin@gmail.com:GybTWg.G4jF7LRa
randystones465@gmail.com:RFSKngwix3619
tiydigirzu@vusra.com:Frankpo11++
justinpolk80@gmail.com:Trumpets26!!
dario521hna@gmail.com:Net12345@
privfps@abv.bg:zRm7A@AuL!.6hKW
abuhatab.17@hotmail.com:Aasdframi123@@##!!
vishnu.mech1991@gmail.com:Nandvish24
ym09t4@gmail.com:Ym123450
ranahs1975@gmail.com:Savage_gamer7108
jeddiayoubmusic@gmail.com:Mm123456Mm123456
dementes20023@gmail.com:Tastas2898xd!
vctsoftware@gmail.com:Is220598@
thilrules69@gmail.com:thilrules69
titowalker2010@gmail.com:titowalker2222
mpoetschik@mpoetschik.de:Nxn1wSh3bcPA4eYKKv5RFJDxJo4A64jVf5eA12u36gD5byjF
//www.vyprvpn.com/fr/controlpanel/login):jvousnikesonyfdp@gmail.com:123Youcef
adydh2556@gmail.com:yousefxd277
jedijake5@me.com:jake8676snake
//www.vyprvpn.com/buy-vpn-bfsd):adydh2556@gmail.com:yousefxd277
//www.vyprvpn.com/buy-vpn-bfsd):adydh256@gmail.com:yousefxd277
adydh2556@gmail.com:yousefxd277
adydh256@gmail.com:yousefxd277
organizacionprocesosinfo@gmail.com:organizacionyprocesos1234
martin.wiedemann.1983@googlemail.com:#HifiFreund47935262#
//www.vyprvpn.com/fr/buy-vpn):gehifek@marketlink.info:moh2002
heliopierinisud@gmail.com:hps269369
//www.vyprvpn.com/fr/controlpanel/login):Eko1994@gmail.com:0664469525
//www.vyprvpn.com/fr/controlpanel/login):arslan.cool143@gmail.com:kashif01
//www.vyprvpn.com/fr/controlpanel/login):eren2406@gmail.com:istanbul24
//www.vyprvpn.com/fr/controlpanel/login):fa.sohaib@gmail.com:0664469525mama
//www.vyprvpn.com/fr/controlpanel/login):heliopierinisud@gmail.com:hps269369
//www.vyprvpn.com/fr/controlpanel/login):nickygrunfeld@gmail.com:12cannondale
arteldiego@gmail.com:alpha11
//www.vyprvpn.com/controlpanel/login):O.Valle@eng.misuratau.edu.ly:EAsports1590
//www.vyprvpn.com/controlpanel/login):arteldiego@gmail.com:alpha11
//www.vyprvpn.com/controlpanel/login):jimyfrixto@hotmail.com:jimyKs123
//www.vyprvpn.com/controlpanel/login):liorakern@hotmail.com:51HPFX
abdo.aboelkhair@gmail.com:TemPP@ssw0rd
joaopaulo.menezes@live.com:Maria140983
bu@disbox.net:27091968
fco.marin.aguilar@gmail.com:C4l4mb101#
kcorter@gmail.com:1wsxZAQ@
kaharudin30@gmail.com:Dotslash99
soulslide01@live.com:speedy01sp33dy01+1981
amyquh8073@559ai.com:Pollob2256
edgar.piquer@gmail.com:Mollet1980
megefaf886@nenekbet.com:123456
karkeeaadarsha7@gmail.com:123456a@
paolozagaria208@gmail.com:ZAGARIA78.
minsmoo@yahoo.com:Vpnmantepp4
thangquyetvp05@gmail.com:3F3S!fQ5daUypAa
lacelordfireyt@gmail.com:83798379AH
huangmingyuh@gmail.com:0981067397j
savingwithvetta@gmail.com:mefsEc-vimmyh-5fodno
clxjzg@hi2.in:Gino9867
tiydigirzu@vusra.com:Frankpo11++
inseo@live.com:triple3z
mark.pickering@gmail.com:nokia3210
zhaohe1201@163.com:Zh1234567
mayyssa.gh06@gmail.com:6ASG_iQd_NFg8.n
mayyssa.gh06@gmail.com:6ASG_iQd_NFg8.n
hyraj.xhovalin@gmail.com:lailaheilAllah1
vypr32@eld.wpku.net:Nikjecar1
nik.j.petkovic@gmail.com:Nikjecar1
bharathvaradaraj2001@gmail.com:benten549
christinepatten21751@gmail.com:$Criss21751
Christinepatten21751@Gmail.com:$Criss21751
Christinepatten21751@Gmail.com:$Criss21751
0104vsh@riki.gq:Whim2k2!
jijexist66@gmail.com:Islamjoy27
minarshovon909@gmail.com:pvZdtCAHbsi#Vs6
shirlyrobins72@gmail.com:Nishan@#12
azizamk2011@gmail.com:C.mrd6X9pp6PNMV
hadi7mail@gmail.com:nightmare3
vopase5241@abbuzz.com:aziz6211
nicolas.verrot@gmail.com:nazuki229
jomich25@hotmail.com:Lightbulb1!
kwiccy213@gmail.com:Fanyhwang213@@
ademahriche1@gmail.com:AAkokodima2017@
marcogiorgianni@icloud.com:Marcog123
janekolibri@yahoo.com:Sati2020!
janekolibri@yahoo.com:Sati2020!
ademahriche1@gmail.com:AAkokodima2017@
marcogiorgianni@icloud.com:Marcog123
janekolibri@yahoo.com:Sati2020!
janekolibri@yahoo.com:Sati2020!
mkstudio888@gmail.com:Wewin@889
spixe@duck.com:Pa$$w3rd
spixe@duck.com:Pa$$w3rd
78a7gj@tapi.re:Jools001
randyjunior56@gmail.com:@SangKady56
deinal1989@gmail.com:Verdolaga1989.
sub2officialclassicgamer@gmail.com:@AAbbcc6678
mineobruno@hotmail.com:@Rambo1973
mineobruno@hotmail.com:@Rambo1973
randyjunior56@gmail.com:@SangKady56
neihandler@gmail.com:vPn2022full100%
kimkogang771@gmail.com:54jA8vJE5tMPz.k
raynerlow@gmail.com:azzuri89
alsafer.kahled@gmail.com:0599158842*
ramyr93@hotmail.com:Afroman93!
vinhlqa@gmail.com:Herostreet25
syn@riseup.net:P00pishshit
syn@riseup.net:P00pishshit
brisykes@gmail.com:@A921188a
michaelaziz2004@gmail.com:Mm22345534
amonwhite4@gmail.com:dogedoge123!
kabesi8108@runqx.com:LK$Ee3@De*$Ccay
stevenandmike6366@gmail.com:4564WolfBane!
amonwhite4@gmail.com:dogedoge123!
frank.hagenthurn@gmx.net:FrankHagi79
frank.hagenthurn@gmx.net:FrankHagi79
r.a.e.hed12@gmail.com:Wa123000Wa1
silvio.dunger@web.de:Wa123000Wa1
greyson1010@gmail.com:soccer1010
timulowava@coin-mail.com:Wa123000Wa
tessioo@web.de:melina30
titowalker2010@gmail.com:titowalker2222
jonerivr75@gmail.com:Bsevbeci8
Jgero1000@gmail.com:example1
jonerivr75@gmail.com:Bsevbeci8
zm3427014@gmail.com:Carros12
muhdmody+fathy@googlemail.com:Fathy@2020
muhdmody+fathy@googlemail.com:Fathy@2020
hddurjoysarkar4572@gmail.com:45723678D#
gonire1866@sopulit.com:12345678
sobored60@hotmail.com:zaq12wsx
mmando2020@hotmail.com:Mando@666666
esthoussem@protonmail.com:Esthf123
Rashidxuaex3@gmail.com:SP7RqSNIPER
manonaal333@gmail.com:moomoocoW#4
mhavprolar@gmail.com:123123my123y
stephen@kew3.co.uk:portland1
aassolut@gmail.com:4488cero
rbthprrq@workingtall.com:Bibou2020@
abdelmaleksmai80@gmail.com:BK5$.kgufXfvj4B
michael.j.choffy@gmail.com:choffy84
oefamily372@gmail.com:Elisabeth2003
satanicoutput@gmail.com:wail2006@
tehibof447@heroulo.com:pana2013
kaddourattia89@gmail.com:cv1203040
Florufus2007@gmail.com:Flo88_rufus88
zebruh9@gmail.com:Cracker159951
sisfoo@mailpoof.com:sunjin1357
soizuj@mailpoof.com:sunjin1357
xu.linda18@gmail.com:Hollywood03
manastudiosid@gmail.com:*Inipasswordmanastudios23
Ahmadakn123@gmail.com:GTR@nissan96
marcofodde@hotmail.com:iosto123
glahnmoritz@11stkp.de:Anders12!
Jhonsantos.rj@gmail.com:Santos11121991
eleanorgonzalez79@gmail.com:@Sobuj2023
agedfb@gmail.com:0599674544
irinokhca@mailinator.com:Gaboce@1i
ashkyle2002@gmail.com:panasonic7
vernetdidieruh@xs4all.nl:naRAida11
ookeefer_z710r@oysa.life:sNvW9@e4j6XcVVZ
baloy0014@gmail.com:123456
fedoalqalam2@gmail.com:Fedo2005
fuadpc7@gmail.com:wgAW!nF7TkrE52X
chris.grigg@comcast.net:grepro7sil
reyoriv@mail-v.net:z4YRP9@8$q!6r8F
coxemamisbom@freenet.de:Sbwa8921
kauawallace4551@gmail.com:Kuringa07
punjabmix.in@gmail.com:Punjab@123
409996948@qq.com:lyj640054
joshuamennunipacassoni@gmail.com:Oranye!5
gerbil77@wmlorgana.com:m6pzqthn
din1045@mailbox.org:28Vpn65?
VinesAlyutina1986@yandex.ru:Amin2001
simon705@btinternet.com:Snap9864
milutinovunmab@email.com:N58U68
kauolinakrlesz@libero.it:marcy_$7
nexusfifa@gmail.com:147852
th.santos@icloud.com:YesIam41893$
guillermo2400@gmail.com:guille24
luckysparrow0910@gmail.com:Bc130211Cc
quincyjb02@hotmail.com:Quincyjon020285
jdkh961@gmail.com:DGAVSGfsgs5824
moonna44@gmail.com:Ssddff456456
rawir88546@95ta.com:AdrianA8@
polland2512@gmail.com:Donald2512=
leomorris125@outlook.com:goofyahhbozo1@A
chris.grigg@comcast.net:grepro7sil
alaminhossenbappy1995@gmail.com:alaminhossenbappy1995$
mahafijurrahmanjoy@gmail.com:B!4nXDRxk-zhsV#
800xx8681@gmail.com:Hjkl1970
lyh21369@gmail.com:ali2ali2
brocasitors@gmail.com:wFJ6jQS$@$4d2E6
brocasitors@gmail.com:wFJ6jQS$@$4d2E6
dawbzie@gmail.com:Brightlord100-
dawbzie@gmail.com:Brightlord100-
htcoderrp@gmail.com:knpM9hILWs6TUjvy@
svyatoslav@att.net:Moscow02!
kongkongcclores@gmail.com:Chris0606!
andermartes9@gmail.com:Luismiguel05@
fiirat1t@gmail.com:F.urat1988%%
fiirat1t@gmail.com:F.urat12345
ytvskd@thriving.ga:38952283
vpnsicher@protonmail.com:sichersicher
coltin.cajala@gmail.com:xikosmd1!
fa.bu@gmx.de:Dublin1!
sweallar@gmail.com:314159cjb
tomas_fletcher@hotmail.co.uk:fletch88
nigahela@thichanthit.com:red12345
bkcalarino@ymail.com:Killer199089!
bkcalarino@ymail.com:Killer199089!
sumairkhan493@gmail.com:.6RzP#w7wJXS-Br
kexili1458@biowey.com:0000zxc@
syedbaba141@gmail.com:Lucky1233123.com
ekaterina-kavkaeva@mail.ru:Tamilan#1
zoebaugh@yahoo.com:Tamilan#1
zoxzgamesyt@gmail.com:ChenJinsong100619
ben1b@hotmail.com:Snazbot97
mfelice3131@gmail.com:hartland31
thibtms13@gmail.com:pBeHrAbi6dkGKB!
jamesccorley@live.com:newjapan1
ha43hptretuen@laposte.net:192615@79930
mo7ssin99@gmail.com:0919006365
baesteerowanderson22@gmail.com:lion2236
botzcleaner@gmail.com:Pepeching@n77
taranvir421@gmail.com:hayerjatt562
nanaboorocksjg@mailinator.com:HEdUse
th.santos@icloud.com:YesIam41893$
kleelockerby@gmail.com:qwEr1@34
rualqdhhdu@metalunits.com:buFb!3cCP5yM25Z
thawzinhtoo@gmail.com:Tzh@21087
wipbuc@mailpoof.com:Joshua20078
veejay120793@gmail.com:258456619Op
afp04041983@gmail.com:Veni4000
ahmedabdelrahman154@gmail.com:Omy5020033@
juangon61@gmail.com:jessica97
doutysikely225@gmail.com:blego225@
mrdeepakushwah@gmail.com:@786deepak
petetamas1980@gmail.com:play462500
vitorandradejo@gmail.com:115263@adw
Eftefirozahmed@gmail.com:#@Firoz4532
alleyeonme028@gmail.com:always0249
m2ssho@gmail.com:Mesho$12
lexejox459@onzmail.com:drendtdale2009
huy65172@zcrcd.com:Az7!6h3a3#WuDTd
felipe.maturana.g@usach.cl:Pipito99
kdlazales@gmail.com:BOgako+-01
sandeshsahetiya12@gmail.com:Sandesh@12
entrofacil+1@gmail.com:0000
dewon30303@ymail365.com:0000
mostafagamqqqqqqqq44@gmail.com:nostafa123gam@
elchicofama@gmail.com:Cardflix123
nguyenvancu82182@gmail.com:m4@xs8SMQD7Y!T5
bombseekr16@gmail.com:Oshawa2020
elmejor_sm@hotmail.com:Oranye!5
harrycool78532@gmail.com:harrisoncool116
zywfwwq646@sovixa.com:zywfwwq646@sovixa.com
purpzx16@gmail.com:HotTween16^
serwer-55@hotmail.com:Serserwer-05
as9078624@gmail.com:XpRd9U5gd8ZujzJ
guille25ab@hotmail.com:Guillermo1993.
Jakoyoucef1@gmail.com:Wassim2018@
xenes73853@goulink.com:Spooky8280.
dillon_glass@yahoo.com:Pass4you!
wuberos@cloud-mail.net:45t3f335
tom20216@gmail.com:!tom10216
robertozorzo@gmail.com:s141161
ahmadabdalmoneim06@youtmail.tk:cas6YQCM44
redaoualla02@gmail.com:ouallareda2018
g3x3kstxk8@inscriptio.in:9616@Irfan
Poseidom202@hotmail.com:LL80952656ll
cigansinegre@gmail.com:minnticek122!
mariana@meows.ga:Mingprems123
syedbilalhussain413@gmail.com:Sbh12345@
Christian.rieche86@gmail.com:Klabautermann23!
RAYDALDCORTES@GMAIL.COM:peligro1234
junaidcodeage@gmail.com:Vypr$243546
lravan613@gmail.com:Sudhir123@
menarosa3@hotmail.com:Portuga03
dixof96947@raotus.com:syedharus123.
hridoyhiva@gmail.com:NAI010#$@#
fcynnme@gmail.com:Xjz8LWFBBUYqXwxG
christian04102010@gmail.com:PepsiBoi1*
cris.rey.del.mundo@gmail.com:toledo123
young4evergdragon@gmail.com:@Jongkey4ever@
ford.keaton13@gmail.com:Zs2u4eLW2wBJPki
ahmed.mezo59@yahoo.com:01126994229
eppings-biercafe@t-online.de:Angelit1
jakepshtiwan@gmail.com:Hawler1995
ismailc22meca@qq.com:vyper2021
aqeebh298@gmail.com:U4Td6nbvrZiwZMQ@@
provesorzhran@gmail.com:Hee123456
akun.ini.punya.bondjol.store@gmail.com:1.beli.di.bondjol.store
tylerfestus6@gmail.com:tyler1213@
R.smeerali12@gmail.com:r123mm12@
jokerkao139@gmail.com:AaAa123123+
noradoandre2021@aol.com:joebidenusajetblue2021@
neyadas405@macosnine.com:m10l11k12
keithsalome365@gmail.com:keith365
linef10048@nuesond.com:hamza1995@@@@
breadloaf208@gmail.com:Spikes01@@!
maviers@rockmailapp.com:qwerty66
jordan.bjornsgaard@gmail.com:s00p3rh4m4n
fairouze1478963@gmail.com:istanbul24
peterbeler@yahoo.com:Core732zyp
alanlaw@staruniverse.sg:7042813z.
alextabios@yopmail.com:papaboboy!
haiderahali@gmail.com:Haiderah020100
sebastian_amador@me.com:Epsilon88
tuanla206@gmail.com:tuan2003
dagnovodri@enayu.com:13015730
Mukii377@gmail.com:moto12345!
nighthaxmc@gmail.com:Adam2009!
fctylerdurden058@gmail.com:Scienceislife1
belyext@gmail.com:010203_vv
hugo_thomas@btinternet.com:hugo8887
mccuekate60@gmail.com:Sandra66$
lunaevannalynch24@gmail.com:matkhaumoi
thefoxarts@gmail.com:aamgda@@
mjorescol@gmail.com:makinabrutal93
etsimo84@gmail.com:MOHASY84
yukisisw@gmail.com:YUkiGoogle16115
Nicolex27x@outlook.com:Beronica27@
samuelveseli40@gmail.com:SamuelTigre001
bawat@zryh.tk:Zariyah#123
xenes73853@goulink.com:Spooky8280.
tigeryest2011@gmail.com:Mans@2020
lehaihaPHARM@gmail.com:GoVPN2021!
miniyeyo@hotmail.com:422645Yeyo
dhaub666@gmail.com:Destruction0
nguyendinhnghia.np@gmail.com:BRKV123456
genieonetwo@pm.me:Moose123
nooyam555@gmail.com:25472547
jellyfishding@gmail.com:s5577443
hc.ting@nxp.com:s5577443
radwanemilano11@gmail.com:fUsLi!irDSJ&Y!Pms#F4
newvpn11@gmail.com:m01819432631
newvpn11@gmail.com:M1thuAN1ka432631mnitiz
mithum435@gmail.com:Cpa2021@
mithum435@gmail.com:liax12345
kingkhan1022khan@gmail.com:ee8d57a1
kingkhan1022khan@gmail.com:Mak23mithu@
craftycanyon@gmail.com:Z4c!ti*uNcFFmEM
bbc.1423@gmail.com:X#fN9_tt*vN#LK'
calebwillusis@gmail.com:03-Juin-1986
qbjwa23234@mailcupp.com:MalikoSibo95
mahmedmustafa2010@gmail.com:MANDO2020
obwochaisaac@gmail.com:5401obwocha
obwocha7@gmail.com:5401iCloud
obwochaisaac@gmail.com:5401obwocha
obwochaisaac@gmail.com:D9zpurbw
djchapa2518@gmail.com:mimadre2121
sr551996@hotmail.co.uk:46Rossi46
dillon_glass@yahoo.com:500184354!
dillon_glass@gmail.com:Pass4you!
pl-3000@hotmail.com:Pgpl689236
imdagreat08@yahoo.com:Pixi(3.5)
yb8015@gmail.com:2192762
sujonmia8866@gmail.com:SUJON11##
afaq.designskills@gmail.com:Roger529
bryanluismartineznazareno@gmail.com:Minimo64.
joaopaulo.menezes@live.com:Maria140983
yado2809@gmail.com:Barcelona1925*
info@bizvee.com:Arab9191@@
samanghaffari55@gmail.com:Arad1392967
m4ssho@gmail.com:Mesho$12
m2ssho@gmail.com:Mesho$12
m2ssho@gmail.com:Mesho$12
ayoubbelhassan95@gmail.com:W30072001b
ramyr93@hotmail.com:Afroman93!
vinhlqa@gmail.com:Herostreet25
syn@riseup.net:P00pishshit
syn@riseup.net:P00pishshit
brisykes@gmail.com:@A921188a
alaaco52@gmail.com:Hadi_2002
ramyr93@hotmail.com:Afroman93!
vinhlqa@gmail.com:Herostreet25
syn@riseup.net:P00pishshit
syn@riseup.net:P00pishshit
brisykes@gmail.com:@A921188a
alsafer.kahled@gmail.com:0599158842*
cotfoll@y7mail.com:4200LAscOndes
yela@yeol.bar:Loey123!
necolos.vsrrot@gmail.com:nAzuki229
bosmcoo@gmail.com:mOhAmmed13
fuckmsobons@yahoo.com:rx7scum31
franzelray@gmail.com:french58
tfomos@poglitsch.net:T<p<1991
fihir29015@aiclbd.com:tlaxopan1
sr551996@hotmail.co.uk:46Rossi46
usnspanli@gmail.com:vypl689236
thefoxarts@gmail.com:aamgda@@
alleyeonme028@gmail.com:Newyear11
perdibber@yahoo.com:Sani4Per
1cf5ad6ebc@firemailbox.club:3lolo@#$
salou.salou10@gmail.com:mama1234
jives61401@0pppp.com:Raoui@Raouidx0
spaqkxf@hi2.in:nsnsns
bdvpnn13@gmail.com:Aung@123
kaytoboi@hotmail.co.uk:genie1
jxjahidul22@gmail.com:JJaa12@@((
mdsiammk300@gmail.com:@Mdsiammk10
kasnx@sych.xyz:meow
l02pbrvv9k@inscriptio.in:AawdawdAr412412
mantn.steponavicius@gmail.com:Norma415236...
vypiy11@ziipremsz.tech:112233Vypr.
csteele12@live.com:Teabag3212
qdncqjbv@hi2.in:1511384@gmail
wwesterop@gmx.deSMWnJBymHXgfAg5:SMWnJBymHXgfAg5
Marcoenrique3355@gmail.com:Swiss@3331
casimir1@hotmail.co.uk:heisenberg1
ytrtggg@waterisgone.com:Sagitario11*
venom@sych.xyz:meow
fqototm@hi2.in:anhtuan295
oddhimrid@hamham.uk:@Adnan16.
paymayapiracy@gmail.com:jnnell123
hoaa@sych.xyz:meow
vypervpn@mohmal.in:llmm12..
rsalman.peter.50q@mailpremium.net:Jojogabana64
thor1@exol.cf:$$$$$$$$$$
oliver.armstrong@hotmail.co.uk:Tigerhat8
callum_mooney@hotmail.co.uk:Machinehead1
grant_thomson1984@yahoo.co.uk:Sabliv80
luiscantossupo@gmail.com:LuisAngelCV123
liamgodo@hotmail.com:Liam4636
nightmare24@hi2.in:5555555555
kasanomeyjl@gmail.com:Vook360@
epicmodamasculina@gmail.com:Prca21240105#
sbangla382@gmail.com:AAAaaa123md@#
herbi.krahl@googlemail.com:Dschinn23
rsalman.peter.50q@mailpremium.net:Jojogabana64
herbi.krahl@googlemail.com:Dschinn23
ellencheng@hotmail.co.uk:eyc334280
andy02rodriguez@gmail.com:Andy200134$
tibuadoby@gmail.com:DOBYSUPERAGENTE86@
Tibuadoby@gmail.com:DOBYSUPERAGENTE86
Tibuadoby@gmail.com:DOBY86
vanntran05@outlook.com:Naruto15@
andy02rodriguez@gmail.com:Andy200134#ro
mrfuntry@gmail.com:Owaiss2010)
mrfaker2010@gmail.com:Owaiss2010)
vanntran05@outlook.com:Naruto12!
lynguyen@fcg.com:yenly81
craigmmcgrath@me.com:0gloves0
kinan.k@hotmail.fr:kynKINkyn2007
achupthak@gmail10p.com:Abcd12@@
jabirhossain000@gmail.com:hossain000@g
abusyetegsjhs@sjs.snsj:Abcd12@@
jacquelinelittl4@gmail.com:ATFSRFfergf2466
migangelcosta@gmail.com:miguelAngelo87
martialbazin@yahoo.fr:V_Rebus_80
gomezjorgefa@gmail.com:Colombia1*
birmilyonlira@gmail.com:!Eysan7
patrikhanna216@gmail.com:7rhzj2RjDCa7eEM
patrikhanna216@gmail.com:7rhzj2RjDCa7eEM
andy02rodriguez@gmail.com:Andy200134$
abdou.sympa20@gmail.com:Dahmanov85
sr551996@hotmail.co.uk:46Rossi46
sr551996@hotmail.co.uk:46Rossi46
dillon_glass@yahoo.com:Pass4you!
dillon_glass@yahoo.com:Pass4you!
dillon_glass@yahoo.com:Pass4you!
dillon_glass@yahoo.com:Pass4you!
bryanluismartineznazareno@gmail.com:Minimo64.
bryanluismartineznazareno@gmail.com:Minimo64.
bobiseven00@gmail.com:BOB21571347
bobiseven00@gmail.com:BOB21571347
bobiseven00@gmail.com:BOB21571347
mmecmmec0@gmail.com:Ad100000
abdelbacetabidi2003@gmail.com:Bacetabidi2003
Josh_waller00@yahoo.com:Fuckit143!
toolate0316@gmail.com:aa740316
toolate1413@gmail.com:aa740316
toolate1314@gmail.com:aa740316
jacquelinelittl4@gmail.com:ATFSRFfergf2466
adriancardoso451@gmail.com:cardoso13k#
austinmhaskins@gmail.com:Darwij55
yohanjof@email.com:sErrh22qfSZb2pW
yohanjof@email.com:sErrh22qfSZb2pW
migangelcosta@gmail.com:miguelAngelo87
mlapara846@gmail.com:Andersonlapara06
andervinipp@gmail.com:Andersonlapara06
mlapara846@gmail.com:Andersonlapara06
Nicolex27x@outlook.com:Beronica27@
timothyokwe@outlook.com:Rthimo@!1577
abdou.sympa20@gmail.com:Dahmanov85
abhishekroy872@gmail.com:Titaniums1
dcarlcf@gmail.com:malygos56sux
duplissi77@gmail.com:v%1Qmk5$1TBA
Angel10401@gmail.com:Angel123
seungmin@svxnie.ga:Hello2021!
ddeanmason@yahoo.com:1983windward
zocker1970@hotmail.de:040770fu
mohamed.lueilwitzv_b758k@ymail3.com:Saturnino02
jordangeorge881@gmail.com:mackey1810
okunsolawosamuel@gmail.com:Nigeria2020.
willy772@live.fr:hSEWJnTTAbY_#S7
zainulchusna1@gmail.com:Chusna123
ttanu0893@gmail.com:12345678
fqototm@hi2.in:anhtuan295
hackersmania12.5@gmail.com:Prime123@
meherabhassan375@gmail.com:Meherab00
the69flow@gmail.com:Securedinternet24@
tebide9879@ermailo.com:12345
mckayis2134@gmail.com:Narusaku21
toxigig@whkart.com:music98xd
teoel2356@gmail.com:daniela00dj
gurkamal04@gmail.com:Bain@2257
ademahriche1@gmail.com:AAkokodima2017@
r.a.e.hed12@gmail.com:Wa123000Wa1
hdboompropro@gmail.com:ilikepizzarolls
laute1990@gmail.com:world1704
kibove7972@cctyoo.com:madgp222
Support@khalid-co.COM:Visa3900
gomez.dennis@gmail.com:dennisramos2019
lqlmizvvbtgq@karenkey.com:22182391t@
agljohn@lineone.net:Packardbel1!
dww343@gmail.com:HGfdj541
watcharide@gmail.com:watchdaride@1
ged.maki@icloud.com:C@rb@llido69
ged.maki@icloud.com:C@rb@llido69
ged.maki@gmail.com:C@rb@llido69
ged.maki@icloud.com:C@rb@llido69
ged.maki@icloud.com:C@rb@llido69
ged.maki@gmail.com:C@rb@llido69
Smrollershutters@gmail.com:Tinhlagi3891
smrollershutters@gmail.com:Tinhlagi3891
toci_666@mail.bg:6385GssS3480
toci_666@mail.bg:6385GssS3480
osamasaif1997@gmail.com:Osama1997@
puvssg@mailpoof.com:derOin16
ofmsd_won99@hotmail.com:504697AA
allan.mangayo@gmail.com:@Entity69
geduzaas@clrmail.com:2jGfkr@qEApxK3RAa
mister72899@gmail.com:BaBX9u46ab@52pg
mister72899@gmail.com:BaBX9u46ab@52pg
mister72899@gmail.com:BaBX9u46ab@52pg
webby33@aol.com:poppy19601969
gejab@mail-apps.com:56725160
hyd524132502@gmail.com:hydmk8j8
zainulchusna1@gmail.com:Zchsyl75
cafeinacreative@gmail.com:44HiYao199
jacklouisop@gmail.com:Hamidez10
aiyonrakinpp@gmail.com:12qw!@QWvpn
gjam@rekomend.org:Mackey1810timones
drakie73@gmail.com:Stellababa124197573
drummond.alexandria@yahoo.com:Ad93656789
edsonrobertosato@gmail.com:@njokaed66
mheydeman@gmail.com:Sept1234
tokit43278@mailsecv.com:12345678
antoniewillem@gmail.com:Belle2004!
junkmailmcsuckit@yahoo.com:Admin2312
ysnbdv2654@gmail.com:Noyonali12#
hein.joris1@gmail.com:Milki001!!
mariorubiano7@gmail.com:juniormr7
kevinkikarlsson@gmail.com:CrazyGoodPassword1488!
repeplus78@gmail.com:roman781998
haciendanapolis3030@gmail.com:jairo3030@
samira.wade@yahoo.com:ugWJD9bz
rador42458@gameqo.com:Alexander1988
djchapa2518@gmail.com:Mimdre1721
benpahrman@gmail.com:blowme420
eran1060oise@arcor.de:aSd647
mundodanet5@gmail.com:37JcL1983
NEOCARLOSGM@GMAIL.COM:1GIORDANIE
abo7aded89@gmail.com:66448892Ad
mido87201@gmail.com:Lo7747105.
ulokoj124@gmail.com:Aa121212@@
ducida@2p-mail.com:perduta324
jakepshtiwan@gmail.com:Hawler1995
duyentran607@gmail.com:Zeeshan@1982
elmichael7272@outlook.com:Ramos2826282.
medkaouachi785@gmail.com:Kaouachi785#
borovikovd@mail.ru:5526118
ahowlett1@aol.com:Tonyth100
drew.firestone@gmail.com:lakers
sefifey899@jalunaki.com:mariela34.
nachodangiii@gmail.com:nacho1234
luckysparrow0910@gmail.com:Bc130211Cc
aunvivohoy4.04@gmail.com:gratis4.04
ismailc22meca@qq.com:vyper2021
eutta2773@protonmail.ch:maximum22
russell.whemr.181.99.7@gmail.com:Leaders2003
Poseidom202@hotmail.com:LL80952656ll
mariana@meows.ga:Mingprems123
laowangjing99@gmail.com:PianoMan99
maik.bruenjes@bruenjes.net:star99
edgarshunin@gmail.com:ed90261*
th.santos@icloud.com:YesIam41893$
luckysparrow0910@gmail.com:Bc130211Cc
snitfiyouness@gmail.com:Lookpop1986+@
cairoadele747409@gmail.com:Kh@i010996
ben1b@hotmail.com:Snazbot97
eastona48@gmail.com:Ahlers75
neyadas405@macosnine.com:m10l11k12
tan.josellen@gmail.com:Tan080419
hridoyhiva@gmail.com:srs$$112233
marcofodde@hotmail.com:iosto123
smmcoce145@dhamsi.com:Jack123@
wmalInAch@xs4all.nl:040311980aB
kamalabdulnour@gmail.com:kimo@kimo
joshuamennunipacassoni@gmail.com:Oranye!5
nighthaxmc@gmail.com:Adam2009!
hvnajahodoaa@talk21.com:LUCInka443--
hddurjoysarkar4572@gmail.com:45723678D#
marketexpress00@gmail.com:omar0618924437
quyn9252@gmail.com:12345sss
orlandosorio1@gmail.com:Jumajo1486
josh.ks90@gmail.com:0613905004
norobeh590@naymedia.com:Skadosh88_
joseratia2010@gmail.com:jose-ale-13
ASDGMASHDV@gmail.com:yTYas6m7c*fN3a3
leszekciszewski@gmail.com:f6P$fQr8nG4#H2w
lsanderholos@gmail.com:25252625
belyext@gmail.com:010203_vv
kban095@gmail.com:78907890
thealt825@outlook.com:ak23a45a
mahamud7023@gamil.com:@#Mahamud@#1
mlrioso@xs4all.nl:Yd--26j34ih0
VinesAlyutina1986@yandex.ru:Amin2001
eastona48@gmail.com:Ahlers75
junlay19944@gmail.com:Pyaemaung0987654321#
kowgos@gmail.com:a22222
kicasemaichel90@gmail.com:Naim474@@
bobiseven00@gmail.com:B!%7!#$7
bobiseven00@gmail.com:1
bobiseven00@gmail.com:21571347
jellyfishding@gmail.com:s5577443
jellyfishding@gmail.com:s5577443
yelimelean1@gmail.com:christopher.26
942003644@qq.com:26628606yu
erickongdeyu@gmail.com:26628606yu
hafic63650@vaband.com:maruf77$$##@@
Amine.krouchi.kr@gmail.com:Celine2013.@
derrickmaina892@gmail.com:@Rakim254
janjelraizen@gmail.com:7V4Yv5cKKxVaidH
vandy3299@gmail.com:hUBUpHqQ7S@ffn4
boomshoot2@gmail.com:cabalglobal9
lorilee.vassell@xhide.xyz:Bb112233
m-m_z@hotmail.com:Qq123123
parfindo@icloud.com:DaniDani1
jesseedwards3@yahoo.com:Widerule3
paulita.merre@gmail.com:@ReeferShop1
yukisisw@gmail.com:YUkiGoogle16115
allal-mami@hotmail.com:mamineallal1975+
patrckUtil@vodafone.de:200519
earlmoran@comcast.net:Bridgewave#77
juanespitiark77@gmail.com:Heroico88@
kuper80908090@gmail.com:#Pinedo12
irinokhca@mailinator.com:Gaboce@1i
hakbaby92@gmail.com:616237HaHa!@
punjabmix.in@gmail.com:Punjab@123
danielylasfernandez2@gmail.com:daniel_seco
mele@voemail.com:21012101
bimepet243@majorsww.com:emino2000
valintino.h@gmail.com:Bendali123
peterbeler@yahoo.com:Core732zyp
ah.uddin93@gmail.com:ahuddin93
ahmedmostfa@kpay.be:GeRoO1997
dixof96947@raotus.com:syedharus123.
thurneysen@gmail.com:Tijakool23
dedjaalmas81@gmail.com:AsifXmax6%!
din1045@mailbox.org:28Vpn65?
minecraftstealertest@gmail.com:123qweasdzxc123
dbiki5137@gmail.com:Sukh14703690@
etsimo84@gmail.com:MOHASY84
ducida@2p-mail.com:perduta324
jakepshtiwan@gmail.com:Hawler1995
duyentran607@gmail.com:Zeeshan@1982
elmichael7272@outlook.com:Ramos2826282.
medkaouachi785@gmail.com:Kaouachi785#
borovikovd@mail.ru:5526118
ahowlett1@aol.com:Tonyth100
drew.firestone@gmail.com:lakers
sefifey899@jalunaki.com:mariela34.
nachodangiii@gmail.com:nacho1234
luckysparrow0910@gmail.com:Bc130211Cc
aunvivohoy4.04@gmail.com:gratis4.04
ismailc22meca@qq.com:vyper2021
eutta2773@protonmail.ch:maximum22
russell.whemr.181.99.7@gmail.com:Leaders2003
Poseidom202@hotmail.com:LL80952656ll
mariana@meows.ga:Mingprems123
laowangjing99@gmail.com:PianoMan99
maik.bruenjes@bruenjes.net:star99
edgarshunin@gmail.com:ed90261*
th.santos@icloud.com:YesIam41893$
luckysparrow0910@gmail.com:Bc130211Cc
snitfiyouness@gmail.com:Lookpop1986+@
cairoadele747409@gmail.com:Kh@i010996
ben1b@hotmail.com:Snazbot97
eastona48@gmail.com:Ahlers75
neyadas405@macosnine.com:m10l11k12
tan.josellen@gmail.com:Tan080419
hridoyhiva@gmail.com:srs$$112233
marcofodde@hotmail.com:iosto123
smmcoce145@dhamsi.com:Jack123@
wmalInAch@xs4all.nl:040311980aB
kamalabdulnour@gmail.com:kimo@kimo
joshuamennunipacassoni@gmail.com:Oranye!5
nighthaxmc@gmail.com:Adam2009!
hvnajahodoaa@talk21.com:LUCInka443--
hddurjoysarkar4572@gmail.com:45723678D#
marketexpress00@gmail.com:omar0618924437
quyn9252@gmail.com:12345sss
orlandosorio1@gmail.com:Jumajo1486
josh.ks90@gmail.com:0613905004
norobeh590@naymedia.com:Skadosh88_
joseratia2010@gmail.com:jose-ale-13
ASDGMASHDV@gmail.com:yTYas6m7c*fN3a3
leszekciszewski@gmail.com:f6P$fQr8nG4#H2w
lsanderholos@gmail.com:25252625
belyext@gmail.com:010203_vv
kban095@gmail.com:78907890
thealt825@outlook.com:ak23a45a
mahamud7023@gamil.com:@#Mahamud@#1
mlrioso@xs4all.nl:Yd--26j34ih0
VinesAlyutina1986@yandex.ru:Amin2001
eastona48@gmail.com:Ahlers75
junlay19944@gmail.com:Pyaemaung0987654321#
kowgos@gmail.com:a22222
kicasemaichel90@gmail.com:Naim474@@
jesseedwards3@yahoo.com:Widerule3
paulita.merre@gmail.com:@ReeferShop1
yukisisw@gmail.com:YUkiGoogle16115
allal-mami@hotmail.com:mamineallal1975+
patrckUtil@vodafone.de:200519
earlmoran@comcast.net:Bridgewave#77
juanespitiark77@gmail.com:Heroico88@
kuper80908090@gmail.com:#Pinedo12
irinokhca@mailinator.com:Gaboce@1i
hakbaby92@gmail.com:616237HaHa!@
punjabmix.in@gmail.com:Punjab@123
danielylasfernandez2@gmail.com:daniel_seco
mele@voemail.com:21012101
bimepet243@majorsww.com:emino2000
valintino.h@gmail.com:Bendali123
peterbeler@yahoo.com:Core732zyp
ah.uddin93@gmail.com:ahuddin93
ahmedmostfa@kpay.be:GeRoO1997
dixof96947@raotus.com:syedharus123.
thurneysen@gmail.com:Tijakool23
dedjaalmas81@gmail.com:AsifXmax6%!
din1045@mailbox.org:28Vpn65?
minecraftstealertest@gmail.com:123qweasdzxc123
dbiki5137@gmail.com:Sukh14703690@
etsimo84@gmail.com:MOHASY84
ducida@2p-mail.com:perduta324
jakepshtiwan@gmail.com:Hawler1995
duyentran607@gmail.com:Zeeshan@1982
elmichael7272@outlook.com:Ramos2826282.
medkaouachi785@gmail.com:Kaouachi785#
borovikovd@mail.ru:5526118
ahowlett1@aol.com:Tonyth100
drew.firestone@gmail.com:lakers
sefifey899@jalunaki.com:mariela34.
nachodangiii@gmail.com:nacho1234
luckysparrow0910@gmail.com:Bc130211Cc
aunvivohoy4.04@gmail.com:gratis4.04
sajam12420@j24blog.com:@EDfH4gqsSFtEch
marketexpress00@gmail.com:omar0618924437
praneetsri2013@gmail.com:setmax2599
itmanager@infomineo.com:Vyp9r2018!
kilfoy114@gmail.com:EarnesB)Ugu3r3au!!4
kilfoy114@gmail.com:EarnesB)Ugu3r3au!!4
kilfoy114@gmail.com:EarnesB)Ugu3r3au!!4
kepeer1998@gmail.com:Aa112233.
ishe85373@gmail.com:Aa112233.
willjohn37@hotmail.com:record88
menl@meowbb.cf:Free4you!
mcash9111@gmail.com:Aa112233
ba2ac8688c@emailnax.com:Aa112233.
petiter911@gmail.com:Obed112233.
ne11d@outlook.com:Obed112233.
yyurtytr8@gmail.com:Obed112233.
yyurtytr8@gmail.com:Obed112233.
gonire1866@sopulit.com:12345678
enterprise@tutorindoor.com:Hasandamna123
594520474@qq.com:zzh97111
darthvad3r86@gmail.com:13munos86@
darthvad3r86@gmail.com:elconde1986
darthvad3r86@gmail.com:@13Matthew86@
zamith1234debo@gmail.com:DeBo4175!@
jb.maurice@gmail.com:VpN8306Gratuit09
gta832006compteban@gmail.com:VpN8306Gratuit09
stuartwaterpolo@gmail.com:badger11
juanyriz43@icloud.com:1234Abc!
bobiseven00@gmail.com:BOB21571347
bobiseven00@gmail.com:BOB21571347
bobiseven00@gmail.com:BOB21571347
ismailc22meca@qq.com:vyper2021
eutta2773@protonmail.ch:maximum22
russell.whemr.181.99.7@gmail.com:Leaders2003
Poseidom202@hotmail.com:LL80952656ll
mariana@meows.ga:Mingprems123
laowangjing99@gmail.com:PianoMan99
maik.bruenjes@bruenjes.net:star99
edgarshunin@gmail.com:ed90261*
th.santos@icloud.com:YesIam41893$
luckysparrow0910@gmail.com:Bc130211Cc
snitfiyouness@gmail.com:Lookpop1986+@
cairoadele747409@gmail.com:Kh@i010996
ben1b@hotmail.com:Snazbot97
eastona48@gmail.com:Ahlers75
neyadas405@macosnine.com:m10l11k12
tan.josellen@gmail.com:Tan080419
hridoyhiva@gmail.com:srs$$112233
marcofodde@hotmail.com:iosto123
smmcoce145@dhamsi.com:Jack123@
wmalInAch@xs4all.nl:040311980aB
kamalabdulnour@gmail.com:kimo@kimo
joshuamennunipacassoni@gmail.com:Oranye!5
nighthaxmc@gmail.com:Adam2009!
hvnajahodoaa@talk21.com:LUCInka443--
hddurjoysarkar4572@gmail.com:45723678D#
marketexpress00@gmail.com:omar0618924437
quyn9252@gmail.com:12345sss
orlandosorio1@gmail.com:Jumajo1486
josh.ks90@gmail.com:0613905004
norobeh590@naymedia.com:Skadosh88_
joseratia2010@gmail.com:jose-ale-13
ASDGMASHDV@gmail.com:yTYas6m7c*fN3a3
leszekciszewski@gmail.com:f6P$fQr8nG4#H2w
lsanderholos@gmail.com:25252625
belyext@gmail.com:010203_vv
kban095@gmail.com:78907890
thealt825@outlook.com:ak23a45a
mahamud7023@gamil.com:@#Mahamud@#1
mlrioso@xs4all.nl:Yd--26j34ih0
VinesAlyutina1986@yandex.ru:Amin2001
eastona48@gmail.com:Ahlers75
junlay19944@gmail.com:Pyaemaung0987654321#
kowgos@gmail.com:a22222
kicasemaichel90@gmail.com:Naim474@@
jesseedwards3@yahoo.com:Widerule3
paulita.merre@gmail.com:@ReeferShop1
yukisisw@gmail.com:YUkiGoogle16115
allal-mami@hotmail.com:mamineallal1975+
patrckUtil@vodafone.de:200519
earlmoran@comcast.net:Bridgewave#77
juanespitiark77@gmail.com:Heroico88@
kuper80908090@gmail.com:#Pinedo12
irinokhca@mailinator.com:Gaboce@1i
hakbaby92@gmail.com:616237HaHa!@
punjabmix.in@gmail.com:Punjab@123
danielylasfernandez2@gmail.com:daniel_seco
mele@voemail.com:21012101
bimepet243@majorsww.com:emino2000
valintino.h@gmail.com:Bendali123
peterbeler@yahoo.com:Core732zyp
ah.uddin93@gmail.com:ahuddin93
ahmedmostfa@kpay.be:GeRoO1997
dixof96947@raotus.com:syedharus123.
thurneysen@gmail.com:Tijakool23
dedjaalmas81@gmail.com:AsifXmax6%!
din1045@mailbox.org:28Vpn65?
minecraftstealertest@gmail.com:123qweasdzxc123
dbiki5137@gmail.com:Sukh14703690@
etsimo84@gmail.com:MOHASY84
ducida@2p-mail.com:perduta324
jakepshtiwan@gmail.com:Hawler1995
duyentran607@gmail.com:Zeeshan@1982
elmichael7272@outlook.com:Ramos2826282.
medkaouachi785@gmail.com:Kaouachi785#
borovikovd@mail.ru:5526118
ahowlett1@aol.com:Tonyth100
drew.firestone@gmail.com:lakers
sefifey899@jalunaki.com:mariela34.
nachodangiii@gmail.com:nacho1234
luckysparrow0910@gmail.com:Bc130211Cc
aunvivohoy4.04@gmail.com:gratis4.04
ismailc22meca@qq.com:vyper2021
eutta2773@protonmail.ch:maximum22
russell.whemr.181.99.7@gmail.com:Leaders2003
Poseidom202@hotmail.com:LL80952656ll
mariana@meows.ga:Mingprems123
laowangjing99@gmail.com:PianoMan99
maik.bruenjes@bruenjes.net:star99
edgarshunin@gmail.com:ed90261*
th.santos@icloud.com:YesIam41893$
luckysparrow0910@gmail.com:Bc130211Cc
snitfiyouness@gmail.com:Lookpop1986+@
cairoadele747409@gmail.com:Kh@i010996
ben1b@hotmail.com:Snazbot97
eastona48@gmail.com:Ahlers75
neyadas405@macosnine.com:m10l11k12
tan.josellen@gmail.com:Tan080419
hridoyhiva@gmail.com:srs$$112233
marcofodde@hotmail.com:iosto123
smmcoce145@dhamsi.com:Jack123@
wmalInAch@xs4all.nl:040311980aB
teozog@nootat.co.uk:azimatouemma
pms@htmlpro.net:Lahore@100@
capchuckprice@gmail.com:9k9z89Ux
deborahmathews516@gmail.com:Facebook21@
ronalcurva@gmail.com:Facebook21
sonya1720@hotmail.com:Holahola360
waledmagdykefafy@gmail.com:.sqmN!UB2e8t7SN
waledmagdykefafy@gmail.com:.sqmN!UB2e8t7SN
8gcd4g@hotsoup.be:mamita01
mazen72008@gmail.com:Haker123_123ihatethis
maderoj279@gmail.com:Juan-2908
naveen.k@glowtouch.com:Shu_6969
naveen.k@glowtouch.com:Shu_6969
joaopaulo.menezes@live.com:Maria140983
joaopaulo.menezes@live.com:Maria140983
naveen.k@glowtouch.com:Shu_6969
naveen.k@glowtouch.com:Shu_6969
naveen.k@glowtouch.com:Shu_6969
naveen.k@glowtouch.com:Shu_6969
jjgomezarjona@gmail.com:Juan0@0
loreenalzoubi4@gmail.com:0781323777**
danielchipx@gmail.com:Goku1212
kingjao63@hotmail.com:kyojin123
Josu_isra_88@hotmail.com:091811400josue2020
Josu_isra_88@hotmail.com:091811400josue2020
peiliechen91@gmail.com:Blackhant3r
leokungen2@gmail.com:123
locok.01.1@gmail.com:Geesyink890
liamrex7@gmail.com:rexy#565667
maddown16@gmail.com:mad435000000
manvsbee@knowledgemd.com:Peterb6087
lappleyard006@gmail.com:landon31
lebzeg@mailpoof.com:deroin16
manzap@mailpoof.com:deroin16
madjidmsila@gmail.com:f@2!h!dUKadE@Kb
mafona8424@jentrix.com:!K#L!Ca#4dj.QWY
lukeegreen@gmail.com:Muse08V
legendsk18@gmail.com:skyt
lukesa8068@gmail.com:Buttbutt22!22
lyuchengyun0703@gmail.com:Daohaoqu4!?
matej8008@gmail.com:matejbice23
neorod@mailpoof.com:deroin16
mokoenamakalo@gmail.com:SSMNz5mwgD7ny!n
nerducifye@vusra.com:T@mer2008
mdahsu@mailto.plus:aG.q5eT77GCmQH@
mkeller1216@gmail.com:Qwerty1!
mawgue@mailpoof.com:s123fg
mystary98@gmail.com:joao123
peiliechen91@gmail.com:Blackhant3r
leokungen2@gmail.com:123
locok.01.1@gmail.com:Geesyink890
liamrex7@gmail.com:rexy#565667
maddown16@gmail.com:mad435000000
manvsbee@knowledgemd.com:Peterb6087
lappleyard006@gmail.com:landon31
lebzeg@mailpoof.com:deroin16
manzap@mailpoof.com:deroin16
madjidmsila@gmail.com:f@2!h!dUKadE@Kb
mafona8424@jentrix.com:!K#L!Ca#4dj.QWY
lukeegreen@gmail.com:Muse08V
legendsk18@gmail.com:skyt
lukesa8068@gmail.com:Buttbutt22!22
lyuchengyun0703@gmail.com:Daohaoqu4!?
matej8008@gmail.com:matejbice23
neorod@mailpoof.com:deroin16
mokoenamakalo@gmail.com:SSMNz5mwgD7ny!n
nerducifye@vusra.com:T@mer2008
mdahsu@mailto.plus:aG.q5eT77GCmQH@
mkeller1216@gmail.com:Qwerty1!
mawgue@mailpoof.com:s123fg
mystary98@gmail.com:joao123
muhammadsultanazmi15@gmail.com:muhammad15
nesom28875@menece.com:JakiMandi@#12345
mattis.rahnel@gmail.com:11Rahnel
matty.jackson@hotmail.com:Grandad2!
minecraftstealertest@gmail.com:123qweasdzxc123
monimi7992@provlst.com:letmealone3
mopew82072@poetred.com:Binod
nafisfuad50@gmail.com:654321
neafap@mailpoof.com:bigfish86!
muhammadsultanazmi15@gmail.com:muhammad15
nesom28875@menece.com:JakiMandi@#12345
mattis.rahnel@gmail.com:11Rahnel
matty.jackson@hotmail.com:Grandad2!
minecraftstealertest@gmail.com:123qweasdzxc123
monimi7992@provlst.com:letmealone3
mopew82072@poetred.com:Binod
nafisfuad50@gmail.com:654321
neafap@mailpoof.com:bigfish86!
mynewfish06@gmail.com:Trampoline12
maximechristophe00@yahoo.com:Yvan2019
nadot30100@mailvxin.net:wweraw
mertguelbe@gmail.com:21312131Mert%
khairi.rana1910@gmail.com:Forget!@286
said.gzz.grcia@gmail.com:@CholoCholo2121
aylin78c_j364f@cikuh.com:HN3Kq9ZpQ
m-m_z@hotmail.com:Qq123123
weoukal@gmail.com:123456
ahsanzulfiqar1174@hotmail.com:Allah@786
fabiojoseandradedeassis@outlook.com.br:4F8@15b16i23o42
adb77y@gmail.com:Update@2020
roro2014hussien@gmail.com:4X$phfLMs97AtcL
roro2014hussien@gmail.com:4X$phfLMs97AtcL
vctsoftware@gmail.com:Is220598@
yayosah@hotmail.com:Takakura27
Kumarmobilesadm@gmail.com:rajkumar1
migueljgh.95@gmail.com:Maikeru(*,_,*)950724
nricok@gmail.com:kg012005@EK
viankekelly@gmail.com:Monya2004
nagapawumi@air-blog.com:admin
Kumarmobilesadm@gmail.com:Options123#
carmenrojas.as.q@gmail.com:123asd123*
cale.hill16@gmail.com:gameboy16
guediawaye@gmail.com:Ribellu2@
nkegga@gmail.com:AEDSERDsrfde4421
g3x3kstxk8@inscriptio.in:9616@Irfan
kalek74053@94jo.com:?
threatdetect99@outlook.com:Nathan46*@!!
alphapokemon15@gmail.com:maxmadhur
geoeyego@gmail.com:Ilovebfs101
art@sydh.site:Caifi22!
hidemvpn@gmail.com:baneba87
lamar@6mail.top:Sanagyan88@@
locok.04.1@gmail.com:Geesyink890
sitrijerzu@nedoz.com:santiagohv905
kewiki7754@jooffly.com:Sangalo22*
serenasa28@gmail.com:23031988sA@
mazukiuki@gmail.com:mar1234567890
carlageany2022@gmail.com:7yJ@9QmAdV4!#Wk
muath0280@gmail.com:Muath0280@@
johnny.desing@gmail.com:manga3887
carlinhagians@gmail.com:Sangalo22*
game12hy@gmail.com:Actto001
nertiuqatja@gmail.com:Shkelqime2007
evermtz123@gmail.com:Dariel00xx
carlageany2021@gmail.com:Sangalo22Ix*
davinci_dev@hotmail.com:5545zz
luismirabaa@gmail.com:-7h#63rY-5Phs$B
barry.huisman@gmail.com:meike2005
smillette1383@gmail.com:Hailstorm13
yoxaf20528@1heizi.com:mr.root133
pocohovo@maxmail.info:kooora.com
jixan20569@pbridal.com:123!"#qwe$%&8
kerkusospa@nedoz.com:santiagohv905
frankbuzzurro@gmail.com:4553Rooney
shawngiordano20@gmail.com:4553Rooney
ekartash@mac.com:Michigan2!
souf.souf.net@gmail.com:Newnew@2020
joking870@gmail.com:hpl]sgdlhk11
shawnhaaland@gmail.com:4553Rooney
2g4fzir7i2@happy-new-year.top:riyazhero
2y7jndd3bx@privacy-mail.top:riyazhero
5jmme9p7gv@safemail.icu:riyazhero
bi4wlx4io1@safemail.icu:riyazhero
eik3v6atos@just4fun.me:riyazhero
fjoh9bb14q@safemail.icu:riyazhero
hqfpta4f0m@myinbox.icu:riyazhero
j9u1u7m4t6@privacy-mail.top:riyazhero
rofawo4946@menece.com:riyazhero1@
sm1nthjpxu@just4fun.me:riyazhero
xfmmfad7vs@myinbox.icu:riyazhero
yb2jtn0h3h@safemail.icu:riyazhero
fakeking1131@gmail.com:Riyazhero1!
giordshawn@icloud.com:4553Rooney$
joking8701@gmail.com:hpl]sgdlhk11
joking870@gmail.com:hpl]sgdlhk11
niyov47761@estopg.com:Azer1234
ellagibson.5.3.10.9.0.5@gmail.com:*GKwXeki!yT!mC3
loayatef@hotmail.com:12101990I
wedameh611@febeks.com:riyazhero
z3fjnlbgb3@safemail.icu:riyazhero
bobiseven00@gmail.com:BOB21571347
bobiseven00@gmail.com:BOB21571347
sinomo2772@qortu.com:Azer1234
viwiwol927@qortu.com:Azer1234
maik.bruenjes@bruenjes.net:star99
joshguz3345@gmail.com:LwQ79zf8ny!a2JU
reyelislami@gmail.com:LwQ79zf8ny!a2JU
billric18@gmail.com:3ffu83ffu8
billrich18@gmail.com:3ffu83ffu8
maik.bruenjes@bruenjes.net:star99
maik.bruenjes@bruenjes.net:star99
darlingortiz089@gmail.com:20peso012@
joshguz3345@gmail.com:LwQ79zf8ny!a2JU
mgrudkowski@wp.pl:kupa123
deedeea96@qvwthrows.com:DEMONS123my$$
josefdezpich@gmail.com:Peace224004.
frederic.lourenco@numericable.com:Margaux7855132
funnamed0@gmail.com:asdxlol12.
bu@disbox.net:27091968
nooyam555@gmail.com:25292529
ursulac20@mailgen.biz:Dragonball1
jellyfishding@gmail.com:s5577443
jellyfishding@gmail.com:s5577443
jellyfishding@gmail.com:s5577443
jellyfishding@gmail.com:s5577443
jellyfishding@gmail.com:s5577443
genieonetwo@pm.me:Malhamma1983!
mateus.jogosh@gmail.com:mateus159357
Josh_waller00@yahoo.com:Fuckit143!
hamzaraza672@gmail.com:H121212-
yavedo2409@inbov03.com:Onetap88
cacay11393@hafutv.com:kMFWmcJK#Xu87w6
ghdf2c9@cream.pink:@nmol8301
yyar9994@gmail.com:oscaryupar
reyoriv@mail-v.net:z4YRP9@8$q!6r8F
shengli@hotmail.fr:V33-pmoon3
najegi5846@kakekbet.com:Aa@lim230
massey.lucien@gmail.com:dd546682
DJLathwell192203@hotmail.com:L@thwel1922
qqaew@2go-mail.com:womanizer
kalininroma82@gmail.com:vNFHLigFyE2w#ee
fortnitesucksfazegay@gmail.com:uyu@g2Kw@xqzymt
giovannigarabitob@gmail.com:Olgamarie01!
ventas@panelbilling.xyz:Clientes2023*
27631788@g.g:williamjohn9
branthusedo78@gmail.com:Usedo_4119
pikatir906@lovomon.com:pikatir906@lovomon.com
profealejandronegro@gmail.com:Eltotoral1977.
maik.bruenjes@bruenjes.net:star99
jiamin_hu@hotmail.com:Dudu2007
jessmahadihasan2022@gmail.com:jessmahadihasan2022@gmail.com
wixoxute@linx.email:dosmil19
eutta1993@protonmail.ch:maximum21
christisking2002@protonmail.com:maximum21
mnightpot@gmail.com:maximum21
eutta1993@protonmail.ch:maximum21
premiumpellets01@gmail.com:Maximum21@
autozonewr@protonmail.com:Maximum21@
joe212223@protonmail.com:maximum21
800xx8661@gmail.com:Hjkl1970
800xx8681@gmail.com:Hjkl1970
800xx8661@gmail.com:Hjkl1970
haroldtapasco@gmail.com:dj096080
lsanderholos@gmail.com:15242615
elmichael9090@outlook.com:Ramos2806281.
minimap34@gmail.com:FF2020ffksn**
algolden_boy7@yahoo.com:1122
vikings707@yahoo.com:1122
canalsub03@gmail.com:Leyenda1310
s.a.f.o.lgye.z@gmail.com:mostafa12345
kowgos@gmail.com:a01010
killer_pumpkin@hotmail.com:Malaka00!
addiunruly@outlook.com:Kwamepicanto1
gevzat@zerdmail.club:Kwamepicanto1
igategh@hotmail.com:4Dr@matels
wwesterop@gmx.deSMWnJBymHXgfAg5:SMWnJBymHXgfAg5
Socoklk@gmail.com:Manuel123
Jpetro65@hotmail.com:jaderluis
hcnxuvktzbhptjrmab@mhzayt.online:9TgiJYQz
akhilesh.soni@maxlence.com.au:eatclub
camgrant@live.co.uk:applepie123
j_jmv@hotmail.fr:Maeva1809.
tokare6480@hmnmw.com:0832+2265202
897985288@qq.com:xHQ521098
sebastien.roulleaux@orange.fr:SEB29nad19
davishanners89@gmail.com:MmNFUVq$aHHX3$P
drunnat@gmail.com:!Wpectxa461
ellencheng@hotmail.co.uk:eyc334280
Tibuadoby@gmail.com:DOBY86
dramosservice@outlook.com:ramos2020
mohamedala204@gmail.com:1010110
polland2512@gmail.com:Donald2512=
quyn9252@gmail.com:12345sss
pewah77939@1uscare.com:borbuka90
mokjin@mailpoof.com:itsdariothebest2008D
zoazap@mailpoof.com:itsdariothebest2008D
smmcoce145@dhamsi.com:Jack123@
3lilooo.old@gmail.com:FMB@6WJc7c3wEmR
3lilooo.old@gmail.com:FMB@6WJc7c3wEmR
butaca@gmail.com:yd9b8RQk!!
stuti@thecfoassociates.com:Stuti@1404
mpd717@intopwa.com:@smmalik
mpd717@intopwa.com:@smmalik
stuti@thecfoassociates.com:Stuti@1404
yowjcart4444@gmail.com:@Leojie012
stuti@thecfoassociates.com:Stuti@1404
lovinggeologist53@accgen.net:suresh@765020
thoughtfulchilders89@accgen.net:suresh@765020
rushing.logan94@yahoo.com:Hahano12@
LLLLLL6SSSSSS@web.de:GQh@6sXuh2tgNB4
kuoenn@gmail.com:Josh203111
m4rcf3rn4nd3z1516@gmail.com:april1516
zleynyxgrwi@baybabes.com:Miolanfe46
qkbfthu469@sweemri.com:Yeakub26sep@@
johnwalk503@gmail.com:Pavilion002
hobzen@nootat.co.uk:88709979
pedrojulio1@gmail.com:Genericoatl01.
a0938832256@gmail.com:3783762e
prithvisaini2017@gmail.com:Kkpkpk321
takiya.np@gmail.com:PB988424
qinreed@gmail.com:boostingbobby12
rajaswastiken@gmail.com:Priyahraja81
xoxnvzv894@zaelmo.com:Vipera12345
geickerman@hotmail.com:Passw0rd
thisgirlgood121212@gmail.com:Morgan1118
crosskey13@yahoo.com:jtg123456
897985288@qq.com:521098xhQ
taejee1@gmail.com:giris3647
neyhd05@gmail.com:nene1234
pogbof@mailpoof.com:deroin16
tylrmrtnt07@hotmail.com:martin03
raicelmendoza@yahoo.es:BuEke#Z2kBcYKji
elemamofficial@gmail.com:Nael145626++
hudfaz@mailpoof.com:facupro123
paref76393@spruzme.com:davetherave1922!
rr2710mc@gmail.com:14521880
manzap@mailpoof.com:deroin16
toshkab@gmail.com:mismis23
adem.yakin8989@gmail.com:yakin8989
shkesper@gmail.com:we_we3502547
pedro.peg@gmail.com:642nibts5f
7da680c0d5@himail.online:!!12345!!
acecode1337@protonmail.com:suar1234
selimdrmd@gmail.com:se905641
hintayallen@yahoo.com:@Raffy1319
alcohol@brry.ml:Oreomilktea123
m.othman@mapletele.com:Moh.2022!@!
ceunos@mailpoof.com:S1mpleHacker@2909
tidroleydu@nedoz.com:giris3647
djcjdoncaster@hotmail.com:mineplex0895604698
sab19f@gmail.com:November41107
jrx_3@hotmail.com:Bahamut85
wovev@2p-mail.com:perduta324
mohweer1@gmail.com:Moh$weer1
srinurocky2000@gmail.com:srinualla12@
momoalismt23@gmail.com:howtodothings
sur.mohamedhosny@gmail.com:Iloveallah@1
omarashraf2016zx@gmail.com:9ma4ash4af
chadxnyte@hotmail.com:abderrahman
pococel694@girtipo.com:i35FeY@RXZbNWmY
dawng.murphy@outlook.com:[ZL3nUndt'!6N5XY
chris9owen@gmail.com:ceo929san
jazavacjazavcina@gmail.com:M1a5t0e1
manda1@sfr.fr:Manda26101983Mr
275411128@qq.com:8469778
sofiakhodja51@gmail.com:mcA1921
reecetumbull202@gmail.com:Lethpounds123
bj55@gmx.de:301055bernd##gronki
admomin.sorkar2000@gmail.com:ADmomin1319*
oressmmreza2@gmail.com:oressmmreza2
soichi.stk@gmial.com:superman
ashkyle2002@gmail.com:arnold0917
boudjemaa.fbi@gmail.com:365520aa
wolfpeyton5@gmail.com:stich999
tyswind15@aol.com:123Ty567890
monmomo3790@yahoo.com:Moha223w
wulwae@mailpoof.com:afftt1234
ravellosalem123@gmail.com:Akadmx12
nobgij@mailpoof.com:deroin16
amirebrahimian1383@yahoo.com:1511384
vyperprime@acetesz.com:Pankaj@123
teweita912@gmail.com:rihari123
greenmoundounga@gmail.com:greenmontana@1
dory9111@protonmail.com:dory123*
vairusof.emon@gmail.com:Emon123@
hucohudugu@coinlink.club:nababa12
bioshot43@hotmail.com:Cintiq#12
chabeli44@lkxloans.com:parthi18
mdjunier70@gmail.com:JDYvR!j6rUBZB3t
arsenalpt2@gmail.com:Payam@1362
smillette1383@gmail.com:Hailstorm13
alldaywebshop@gmail.com:skate789
giovanni.vella@williamhill.com:Phantomf12!
am2110661@gmail.com:#78Vyperpremium
hafedahmed852@gmail.com:alzwy763
mo.malki@gmail.com:Happyc0ws
skills.mobileios@gmail.com:RoLuc151009
zainulchusna1@gmail.com:Chusna123
3506hasib@gmail.com:H#733506
depip@rmailgroup.in:djamel1999
kalfad18@gmail.com:Kocaeli33
socoklk@gmail.com:Manuel123
bf2_fool@yahoo.com:lindsay1
sirbek@mailpoof.com:bigfish86
mazukiuki@gmail.com:mar1234567890
denox23@gmail.com:energy2000
ompgswp@proeasyweb.com:Fkfjxr392Fkfjxr392
wesleyma.I.on.e.tmp@gmail.com:NULL
wesleyma.l.on.e.t.mp@gmail.com:NULL
dxakash01779@gmail.com:Salim##1234
anastassiab7@utclubsxu.com:Megatron#$@456
capixadabaixa@gmail.com:naotemsenha1@
jessedcapes@gmail.com:Steve2022!!@@
mazeng696969@gmail.com:0500MAZEN#
newvpn11@gmail.com:Shohag12
repakr22@gmail.com:L24092003l*
wastelandgoats@gmail.com:smokeup420
hansonbarry846@gmail.com:V5wMcypMdJ5^
gepirit985@94jo.com:reta2000
ralfaro14388@yahoo.com:Animal@13
ngopihyuk@senemistore.com:123321
qmaddy927@gmail.com:qmaddy116$
kushmanek@gmail.com:224183
Maxe123n@gmail.com:Maxe123n@gmail.com
jasonmark7170@gmail.com:Toyota2000
Bennyrock@live.ie:elphin10
ricgroup20@gmail.com:Agya$0n@21
findmenowzero@gmail.com:Foxnet$123
fabricioaoki1@gmail.com:Elinenas1
finjanee2020@gmail.com:tky20099
aaabbb23421@gmail.com:9864528282M
afridi3746@gmail.com:Afridi@37#
biyos79601@altpano.com:123456789zxxc@#
viypir-12@niceone.baby:Ilytysm123
acaveman@protnmail.com:GoldenFrog@!2020
williamapk44@aol.com:Apklinks00
sefoxi3988@weishu8.com:sefoxi3988@weishu8
bravoofficial9@gmail.com:409Ellis
okwwlcx968@officemalaga.com:123456
xjomklom@gmail.com:@Buladu789
michaelcashwell2646@gmail.com:26463741@Ani
p.rathfelder@gmx.de:Iswaycoer44
tdfarha@yahoo.com:Glow2113
blancanieves4893@gmail.com:@Elchurches1234
domino1738x@gmail.com:Dominodabeast190#$
aaabbb23421@gmail.com:9864528282M
farid.ridwan030302@gmail.com:Farid030302
lovetowrite007@gmail.com:ronan008
360n00bxd@gmail.com:GasparLia24
nguyenalm@gmail.com:nguyenalm1983
ricgroup20@gmail.com:Agya$0n@21
champdavy@gmail.com:ZedAfrique12##
jdcook1119@gmail.com:1@3921jn3H123m!g
jagbedze@gmail.com:Apklinks00
ightweiwei@gmail.com:341105860a
stumoya@gmail.com:Geryysendi250xz!
ruslansoskirko@gmail.com:mentikozli99
simo.talbi077@gmail.com:1999318Ss#
san.myqueen@live.jp:Seether!1
bdafoe@me.com:Classof09
