alicealive2001@gmail.com:Yousuf8180@@@@
2084723269@qq.com:qq2084723269
schmFrzfreihaa@upcmail.nl:145722096
849546988@qq.com:lsw941008
zqwangadv@163.com:870462232@qq.com
1004585804@qq.com:c1987929
renzhe911@sina.com:1a2a3a4a
mamunjoy9@gmail.com:Md.Mamun
frochava@gmail.com:20Fabian08
456240@qq.com:ease2pass
kajukk01@gmail.com:AA112233@
sjephezrmozkoz@gmbol.cem:8##$mo8##$mo
3selimreza1996@gmail.com:madevil26
458913765@qq.com:943167lyy
matchy@optimum.com.hk:J716ht12
2698273798@qq.com:#36AGzT4rc@SG7R:-$i^PSZVE2u!3"i
destekdestek02@gmail.com:syrixaldi55.
j26758888@gmail.com:Luis1147
heing8848@gmail.com:HEIhei1234
tuhinme67@gmail.com:Vpnp6969
xamic34209@qqhow.com:shihab55
superleoliu@163.com:shihab99
919880436@qq.com:mmchcl5131885
dannyjostin5@gmail.com:80251089
huihu2@163.com:88887612
marwanmostafa801@gmail.com:MKQZ5BDpHTE#QZ.
1091022621@qq.com:13835279090TCZ
zangiamit91@gmail.com:Flooki1315
1219618027@qq.com:wymnb0266
luckyprocl@gmail.com:Sohail@1122
victorsmith8827@gmail.com:zhu19880207
lamada.live5@gmail.com:Aa@123123
lauvalflo@gmail.com:66936842
ec123789456@gmail.com:.9F@NTdVMu6a9Hg
kbria979@gmail.com:admin12342140639
cqufangzheng@163.com:fz921207
ratul.dx2@gmail.com:72867640
dyardesigner1@gmail.com:dyar1234
22679416@qq.com:peterpan101
asdgaza123azzzx@gmail.com:asdgaza123A@
ahmetfurkancirak613@gmail.com:ckWYHix#Y#2F.7Y
topasoh608@jo6s.com:b7bXkaWj@U9Pi2W
yuukikashiwakura1107@yahoo.co.jp:YuUKi1107
gaetanocommodo@gmx.at:6sntytgbej
--__.krzyszofh@sky.com:Umzug2
ton0227ymail@bt.com:loe94nsl
littl53002eSu@bluewin.ch:bib_le2109
nakduArkNako@sky.com:nc_k02
libertyofsoulj@hotmail.at:1bogos
chygirl@hotmail.co.uk:Lillyr25
bezzylilbeis81@vodafone.de:812282966939
106sagconda@inbox.lv:Ki_----n
cuixiaohan1105@gmail.com:xsCui1216
VINSOKUN9999@GMAIL.COM:VINSOKUN@@9999
VINSOKUN6666@GMAIL.COM:VINSOKUN@@9999
acexpro786@gail.com:shaheer123_
ramirezkeitel8@gmail.com:keitel0912
ramirezkeitel600@gmail.com:keitel0912
looxoojoo@qq.com:1641@lxj
rabbit.gudgeon@gmail.com:coco1998
didou16823@gmail.com:1qaz0pl,.1234567
necipil923@tagbert.com:@#$1234567890@#$
mehdimonfared.571@gmail.com:335224942m
1136959890@qq.com:xxzx6777
osidanu420@gmai.com:uxw0T1OEzlVx
dannykeys06@gmail.com:Starry804
hamomody44@gmai.com:Firo2022
gufeibaiyugan@gmail.com:gxffgr;dhdh
ccccczhi@gmail.com:cccc119286
alan6698@hotmail.com:f123321123
zcleeco@qq.com:zxcmzxcm
foresees@163.com:syy20030711
dharmikpandey24@gmail.com:Dharmik@24
gauravbisht80971@gmail.com:Darkway@1
dongkune@gmail.com:&^GHfc345asdd
51zx1314@gmail.com:smallfat510
mostfamahmood@gmail.com:mostfa20
pstemmadavids@gmail.com:China777
mdimranhossen016377@gmail.com:Rohan@2022
sabina.yasmin.99syf@gmail.com:01784695438
dranrebalcantara345@gmail.com:DYCDf7gj6.FiHfp
goodboypp@gmail.com:goodboy0
sukshaaa12345@yahoo.com:Ajay@1996
s11005349@gmail.com:hT6uJB.NjXJ.7Kf
djshishirhd@gmail.com:99814518hd
jigad15061@yubua.com:alinft021
2111695898@qq.com:Ukusabd1
talon15b_x220o@yefx.info:alinft021
zhbiceman@sohu.com:zdx8818801
khactruongvn@gmail.com:emueyna93
hematikhalil55@gmail.com:Mylove2463
naseemzeadna1@gmail.com:151349715wW
faheem123@gmail.com:faheem123
sultanmahmudsifat66@gmail.com:98081212Sifat@#
elsenkerimov92@gmail.com:Memmedov1992
tociye338@yahoo.com:elver123
monelipa@gmail.com:@G2yTeB9htf7MRA
fsami0584@gmail.com:abcd123456789987654321
fernander010@hotmail.com:fernando1985
shahinalam3546@gmail.com:Hp4pQMKzy.uF68R
idkhs82111111@gmail.com:82122500
huang1195788977@gmail.com:Huang2013..
idkhs82111111@gmail.com:5y4qrr4KVr#HVyJ
mdmishkathosen@gmail.com:82122500
admin@dwc:82122500
idkhs8211@gmail.com:82122500
lewah76915@safe-cart.com:gicile2389@zfobo.com22
hamomody44@gmai.com:Aphraim2020
sethisanjay1965@yahoo.in:Zyxkwoqui!502V
3selimreza1996@gmail.com:bhav1234
Selimdrmd@gmail.com:8191
hamomody44@gmail.com:Firo@2022
hamomody44@gmai.com:Firo@2022
sameehraza2000@gmail.com:LGe.cDKjgch94iX
wwb011215@yahoo.com:wwb13306120968
429352510@qq.com:M3arga122#
2394717209@qq.com:hySXs6e.4MVLu.Z
dyarbaxtyar09@gmail.com:Hemo70io
zjbthomas@outlook.com:ZJBth3721
fahadulislam211@gmail.com:fahad2022
word17246@gmail.com:Faad@2022
support@sciegg.com:taozhaopeng1997
rodrigo-santana@hotmail.es:rodrigosan1
annieg0926@outlook.com:taki1030
Yv22BMDS84TCpcx@gmail.com:t4WCDzKAV9
QSgja0R06V4zaL7@gmail.com:0vXbqbfNbi
pafix44595@fgvod.com:3d1a4cbe
flamekeisure123@gmail.com:274647526
josephwallace019@gmail.com:Black822
ufoasdf@qq.com:ABCzmh8259
utilities@decagames.com:z@9.M=`S0MUxNh$s
773785114@qq.com:2001zhao0420
792643480@qq.com:a13857681425
anonghost764@gmail.com:skarrjet10
heavencr68@gmail.com:Clash123
kabilraees420@gmail.com:Amu@2020
karrimzahida@gmail.com:Jarzmae69*#
lashariabbas@gmail.com:seuchina786
ovedaybysnow@gmail.com:liuhao5211314...
rajiv.ahire@gmail.com:rwjiv123
sabukukusabu@gmail.com:9645191756
418200292@qq.com:czw781213
2284469354@qq.com:wzj921129
freresventures@hotmail.com:dondon88
csx43600121@gmail.com:Chen1130
williamantonius5@gmail.com:freetouse
sonineh132@yasiok.com:alinft021
fernander999@hotmail.com:fernando9896
fernander999@hotmail.com:fernando9874
1058599336@qq.com:mf2653999
vippanghu888999@gmail.com:vip888888
onedanger201@gmail.com:bilalonelife333
nilukha818@gmail.com:LKB6Peb4#akp9F@:ShbhT2SWX~eL)D"
haidarfurqan@gmail.com:Mfh12345!
22685063@qq.com:ganchao0186
849356217@qq.com:lh19970310@pd
hazemabdelhameedabbas@gmail.co:ZZ_BGHvYf6PkcN*
yosefyasseremam@gmail.com:d,st1561
ninkitisak@gmail.com:kitisak12
marwaneissa07@gmail.com:marwaneissa123
naylin.mb81@gmail.com:sec078149
Jhonsantosrj704@gmail.com:Jhonny1991
boufinang@gmail.com:boufinang007
joesayed49@gmail.com:@xe@4LjJeH_LEjB
infinity6038sul@gmail.com:Rafat0787112800$
2715905709@qq.com:mkn58787mkn
med.toumi.1233@gmail.com:*Aminetoumi123*
akar.muhammad100@hotmail.com:@Ragon12344
vvlavelle@gmail.com:Zxcvqwer@123
amitkghosh83@gmail.com:Euro@@123
tanvir161420@gmail.com:Robiul@900
shihabislambd7175@gmail.com:Shihab55@@
osoknoullag@hotmail.com:sHIHAB676767
messial@qq.com:kknd8853
mgksjzfakxan@exelica.com:skbguCae
2586233904@qq.com:ak47an94
llib69j3@groupbuff.com:{\S6ugq@AG#k9SSE
rohan.ahmed.cou@gmail.com:06991633710R0H@n
sadsad1918@gmail.com:ITSASECRET6:rftuiyhuiyhui
forhaddhossain@gmail.com:Forhad@007
lmoreno0619@gmail.com:Vg@j8TFMufj9RQp
shenweijia17@gmail.com:980128swj
estiwengomez0056@gmail.com:HVA69WEWPRj#nic
Tokarev123123000@gmail.com:morhaf1998*
mizdaxp@gmail.com:xzDW2@KK4v@Wga@
ict.sunny.bd.bk@gmail.com:95745857
p.mazzocchetti@hotmail.it:25Aprile2020
maxluyifan@gmail.com:630782luyifanAa!
dbkplumbing@gmail.com:Kdb32263226!
gboyb50522@gmail.com:Bipul20102@
shenghxx@outlook.com:Peiyang#1895
chensiyingcrystal@gmail.com:8500906721aa
almasry55@gmail.com:bZJzsUHkniC..B9
ken_ye_1984@hotmail.com:Ken19840104
mail4allnet@ccmail.uk:vpn@39968058
luanrobertosoarescassiano@gmail.com:L$iFisV6h=)Y/U~
mamtadinesh22@gmail.com:Devarshi01
mdmishkathosen@gmail.com:821225pp
maidmaidana97@gmail.com:maidana1
nilukha818@gmail.com:pushpofart
saad.moudaoui90@gmail.com:zeno2006
castlehost2@renjoy.com:Aqib2023
tashavaleriata.sha128.17@gmail.com:alinft021
frochava@gmail.com:frochava123
3448089474@qq.com:better2020
ningago69258069@gmail.com:123456mm
mdr70174@gmail.com:HqrVYuAa5FQ@P5U
Premtumi64@gmail.com:pwpw1pwpw
dralexvxv@gmail.com:@Ndby2KS#tPVBxA
xoxici7164@weepm.com:pwpw1pwpw
mario_luichi@hotmail.com:Haloreach09
1135995931@qq.com:a524646787
vandadmobile12@gmail.com:ASDFGcxz102030@#
mndp3592@gmail.com:74316067Mndp
tatfym9@gmail.com:MUSTAFAalamer77@
chanwingtim123@gmail:123456
rirow79312@abudat.com:pNVc85Bf7!D##Gi
nyssas@email.sc.edu:Esgnh351
zlcpeter@gmail.com:zhou1030
ait1926@outlook.com:Yaoyunyi1
annamacedo000999@yahoo.com:rafy3092
zlcpeter@gmail.com:Zhou1030
jackbrown13542@gmail.com:Jz@x#7Fk_UM=H2p
jackbrown13542@gmail.com:MAWBSZU9WMJCt#n
samihudai24@gmail.com:pushpofart
cyberm1@163.com:k567044791
Errormazen@gmail.com:mezomezo
ragnarok101888@gmail.com:fallenanjel
shalindajayasinghe@outlook.com:Daya@5614#
ajoao83@gmail.com:ajoao7576:yan010902
berwnaso123@gmail.com:kurdstan
1197881929@qq.com:lkl931011
carpediem5633@gmail.com:ghkd1490
kristianko.filip@gmail.com:rebelka1
margie33y_b569b@xuge.life:alinft021
medreano79@yahoo.com:3inst3in
nitramgnos2@gmail.com:-6T8dsqzqedYnhx
lewah76915@safe-cart.com:gicile2389
nogex96497@elixirsd.com:NCzwMUcJCF.G5k@:YaCSeeSZz4rM@HJ
Amartaiem21@gmail.com:123456789ab
amartaiem023@gmail.com:aMEER.222113
amartaiem023@gmail.com:Amar.8317182
Amartaiem21@gmail.com:As@123456
mistykj7@gmail.com:Konok82664@
649445087@qq.com:PIANDAHONGF?O00O0
2838199309@qq.com:pandahongfuo00o0
paezybaran@gmail.com:ShbhT2SWX~eL)D"
lei2011@msn.com:Vanderlei7395
trilliongcc@gmail.com:gcchin01
lcgcesar@gmail.com:jpspQJ#RLqv3kXq
Soemoehtet43747@gmail.com:24-Oct-1978
891008622@qq.com:[UNKNOWN
891008622@qq.com:qxysghhzjy813
a787520375@gmail.com:a787520375!
nospelin@gmail.com:23333854Dd.
lyjiluva@ema-sofia.eu:C
brijkishorprasad196@gmail.com:19980304
nguyencongkhai777@gmail.com:9AxxpuB@BeAH3WE
yeasinekhan70@gmail.com:53975397
1530506690@qq.com:DDvictor06021
1093170697@qq.com:zxcvb987321
dwqdqwqqwwq@gmail.com:dwqdqwqqwwq@dwqd
fotdarx@gmail.com:79ac69a1
marouanelachhab2@gmail.com:aaammm123
ternencehou@gmail.com:panda.HJT419
ltoast03@gmail.com:XcE7FL#5G44fS#N
dwqdqwqqwwq@gmail.com:pfdodxopw@
Errormazen@gmail.com:cool1234
adibramadani12@gmail.com:adib_1234.
inayeiiowvm15@163.com:HUCHENGYU520
rjr19rian@gmail.com:rianjerianVPN
tyzzk@yahoo.com:Oyebade2008
lovij23522@rpgmonk.com:qGz@NMFuQdCM6pQ
sophia_c@icloud.ca:Sophia2017
maynkumar770@gmail.com:gfB.VsZC@.KD.44
wigedi9693@lockaya.com:@cGCLKW5.Ls#ud8
2427175207@qq.com:gogo123456
jaymardalupan2007@gmail.com:Milkatdacat4966.
qianchenghu.tongji@gmail.com:Huqc1211
72valentin@live.fr:tysyjede
mathiasbarrios46@gmail.com:JqE56qAJ2V@Ywa9
matibarrios085@gmail.com:JqE56qAJ2V@Ywa9
atlashylos6@gmail.com:.WY8guzauPD7hsY
osmansuleiman0996815284@gmail.com:gr@W6EChB.Gjaw.
mohaimenaltaee@gmail.com:moh652265
shepherdchikomana@outlook.com:GN301769x04
merajul.i10@gmail.com:Meraj@205
gustloup@gmail.com:hr.3NVtUrfLZ55@
johnwick33301@gmail.com:pNVc85Bf7!D##Gi
gongsunwuyu@gmail.com:SSQ12345678
1220506626@qq.com:05077X
lyjiluva@ema-sofia.eu:A9!.8e}kD3ZWf~b
vippanghu888999@gmail.com:@Ak112211
sabina.yasmin.99syf@gmail.com:O9!aURn@g6IC6se
378133791@qq.com:8563872d
alinft021@gmail.com:gorbenare
rwisozkg_p407x@hrepy.com:gorbenare
sonineh132@yasiok.com:@Alinft021
vvayine@gmail.com:Leetkid-331
dra_mg@hotmail.com:unilia10
ionara.cesar@hotmail.com:Ninoca99
lcgcesar@gmail.com:Ninoca99
algalib59@gmail.com:Aqib2023
zoomisus13@gmail.com:Liclofal2235
youen.legac@gmail.com:Liclofal2235
algalib59@gmail.com:#rP4Ais5AYC69VT
fayshalfahim38@gmail.com:SGqScyBMPsP.5sq
fayshalfahim38@gmail.com:191005simon@ASD2
mdimranhossen016377@gmail.com:Allahiswatchingme
dasxdas66@gmail.com:GetR3ktz
amr.isselha11@gmail.com:amr123456789
mubashirnaveed01@gmail.com:mubi1105
d127497366@gmail.com:alex82119
faheem123@gmail.com:95391541
faheem123@gmail.com:tTz0qX0A
leochan7657@gmail.com:97006745
mtkoroglu25@gmail.com:mcht2516
rahulgerman6@gmail.com:Lam2XJ4wqu74HQ@
hello_especially@outlook.com:Zhou99_1223
yanghd3@mail2.sysu.edu.cn:sysu123456
technomancer2813@gmail.com:killer2813
jpcambier49@gmail.com:2712Mimie
707004576@qq.com:Zw931017
svcarlos510@gmail.com:svDUJIN520.:zhang20040109
alicealive2001@gmail.com:U#i&UhU6;XY3$*a
alicealive2001@gmail.com:WADIsheni123
lewah76915@safe-cart.com:uyMfmMlh
rachidmoualdii@gmail.com:RcKf.twW5f@Z6uH
abhishekprjapati65@gmail.com:Abhiprja@12
rahulgerman6@gmail.com:9UUUUUUUUUUUUUUUUU
3502411601@qq.com:dizixuan0605
casillasaurelio671@gmail.com:1234567890
coinbit182@gmail.com:Machobutt123@
technicaltouchpro@gmail.com:bvcK.WryA386vX@
18616723021@163.com:S19892421@
wjg5398@gmail.com:hyj02388142
maxpaynebupt@gmail.com:wenjiao304
md.yeasine.khan.3.6.9@gmail.com:87654321
kennysu@163.com:19841201
rockycao@gmail.com:caoqiang302
wbmail@163.com:bravo1125
SHUVOROOY@GMAIL.COM:01682659398
keizamyland21@gmail.com:tdAKu@hAmGQ5q#w
temrazomar72@gmail.com:@Mf7ELrHsX@r8kj
yaropib405@ivsao.com:Kiser1995@
indewarre88@ziggo.nl:dx5U5ZPu++
souliya.tpys@gmail.com:77077007@@
374385562@qq.com:6C5F660A9716-vpn
873406@qq.com:nakata61
1982567752@qq.com:CleverYato123
doukalisam@gmail.com:@Sarghini
grayz619@gmail.com:teju2020!
ntf.hjkim@gmail.com:pit1203@
sihongjian@sina.com:hj549595729
tuffaha@qq.com:zaqzaq22
261343578@qq.com:zjljcy11290112
154555268@qq.com:h18530082345
deannamosley47@gmail.com:zuQh97@fSUjLT3w
Instagram.veirification@gmail.com:mormor544
shahrear@hiberxen.com:shahrear81
shamimwso444@gmail.com:belal246:123456789taha
teofilussw@gmail.com:timothySN2021#1:12001200
joseph342114@gmail.com:dami3421
bijiqoky@mailo.icu:bijiqoky@mailo.i
tokarev123123000@outlook.com:morhaf1998*
carrxia@gmail.com:Xiahz.1124
yaveyi7375@macmille.com:munnamia1
killa_boy_5228@hotmail.com:Kenpunky5228@
2492333966@qq.com:Freedoml62114778
adelkhachai502@gmail.com:adel
ridowanh@gmail.com:e.q7733jPTpxmuY
musangca2-.-44@tiscali.it:M@@@1770
heleneae1roued@t-online.de:C$83rb
salvaorrotudo@virginmedia.com:LevaoBRa11
paillujsonsean@talk21.com:zr1lt5jR27
nvrezralvie@aol.co.uk:soren16--$_1
lcastiho@hotmail.fr:serhcn:GWLhk5NCs4#3Wd4
fjereleoxen9@gmail.com:CccasEtyBF@ysP9
ernesto18316@gmail.com:nolose12
ywsfmhmdmhrws16@gmail.com:3mWKiz@ZrrwjttR
noorislamsalman@gmail.com:salman2122
Ali.golilafmejani@gmail.com:Goli.123456
ff1376390@gmail.com:anouar2005
jhonsantos.rj@gmail.com:jhonny1991,#
jhonsantosrj704@gmail.com:jhonny1991#
kurtisesl@gmail.com:parvez1752@
mamadzamzam7@gmail.com:LYZYiM3fv9h@wqN
ahmetfurkancirak613@gmail.com:KgV6!Ln3v2
2541010633@qq.com:qwer2468
jijamarathe57@gmail.com:Adi123@gmail
ashyamrayyan612@gmail.com:Nirob9977
ma2815@126.com:hasibulAlamin8765@$%#27654hgttfs
ma2815@126.com:ma2815194
eahia.khan@gmail.com:Allahuis#1
rishadkhan2830@gmail.com:Rr78978740
johnnyzjc@hotmail.com:Johnny1117
cn303al@gmail.com:Jembut#11
aj6550912@gmail.com:AJ1234567
reaz1006@gmail.com:n4inq1a2
ninetyninetoexplode@gmail.com:#sy8d3GSard6QKL
umarovdiyor25@gmail.com:sabina&diyor25
imranali081286@gmail.com:kOLKATA@123
243776814@qq.comanxinle310809:anxinle310809
zihadhero184@gmail.com:184160708
bobby00701@qq.com:253320711
dyarprinting1@gmail.com:@Dyar1234
a.z425718@gmail.com:Aa472472a
zlchs1718@gmail.com:ZuoLan1718
gauravbisht86796@gmail.com:Darkway@6
amr.isselha66@gmail.com:amr678900987
shalinda.jayasinghe@gmail.com:{s,!K)gRe0nuZ$80
8067966066@qq.com:dizixuan6060
Lacroix3400@gmail.com:Arielbb225
yuqi.li@modeling-tech.com:start2021!
787520375@qq.com:start2016!
phatdatle3004@gmail.com:siegheilAK47
amr.isselha11@gmail.com:rosky144:Wtc101204
svemafa@email.com:NAJCsmir!
medeaslolbara@icloud.com:Maradon
melrichards@hotmail.fr:$@Carp7E
kasiachmilerck@arcor.de:20__50sxx2
eanrso5198@numericable.fr:Mtbggv
kaacinasaureo@gmx.at:127412341
jimmags@numericable.fr:dilpa_$@_c
salemeldaly08@gamil.com:ELDALY456pc
roshbdkhbz6834@gmbol.cem:Rr28928244
896586646@qq.cem:jbezhbepezg3992
reblsbomum@gmbol.cem:64245234
sbomumwp@gmbol.cem:64253422
2151183581@qq.com:trhq8WM57LNx@P2
ict.sunny.bd.bk@gmail.com:BA923629
ict.sunny.bd.bk@gmail.com:mrrojf89@ef5gASx.
ict.sunny.bd.bk@gmail.com:@VGHECzJrgv92Xq
fEEriCariboli@googlemail.com:__7Elni62
9057leamai@gmail.com:6-@--_
frankoceanJodi@wanadoo.es:So_iflexm20
chochevre@naver.com:sOpt547iK0
gailiariearl--@1und1.de:n5Defe0Der2
aluisonarnie@sky.com:Bobson22349
fineuchslz@googlemail.com:24A@@@
brisaclod@libero.it:Zaurocz
dharyishalpati@icloud.com:10@@D66669
srankra79ca@gmx.de:heL@lo1
srahhaussman7n@gmx.com:A@e-L@@Xandr
osariog@talk21.com:machodo1
leader-----n35@live.com:Aldi1-@
marcinogorekra@live.nl:CL1de2Y
kisloskimarcin@gmail.com:lvly20
opReVmSt@yandex.com:zu@_-@t
captiermilin@telefonica.net:Yeiu19y
mathieudus@protonmail.com:ya1mphara-@a
jasemmanfield@talktalk.net:Shb9hy-@
roanduarn@orange.net:1God51i
marioleazurir@bbox.fr:MaY2e-$-kd1
wgger778l@ntlworld.com:92417et
mohaemdvet@o2.co.uk:LOkito83
546exiquio@orange.fr:85GAby1
niusiuguBery@btopenworld.com:ToAdWar
aaxychemicals@btinternet.com:_@_-304I
casarhaicaHilL@orange.net:o@lio79
iskilievarcaoh@comcast.net:Cc@o13c
famausiner@mailnesia.com:KiT__-
vLcej49an@live.com:ama1998
togolance@gmail.com:Chiurani1
totodkj@gmail.com:L.P6EC2NHPatVbJ
matheusk.lotti@gmail.com:Kart0081
stevenmije777@gmail.com:steven200
showmetestiptv@gmail.com:Toonsland2023
radians161@gmail.com:@Rabbi161
lucasbr2007.lb@gmail.com:8M@7iQBfRYzdgJg
Killervenom831@gmail.com:Monta@1905@2002
1285748741@qq.com:zwt1285748741
raheeakbar8@gmail.com:hudaipass183
gevod38829@dakcans.com:Rtyu@@@@
aitbdx@mailnesia.com:Nilufer99@#
kpjames74@gmail.com:Q$MPJQXui88zn@p
710777335@qq.com:123@456@789
jiahaifei1118@163.com:j15138673176
azizi_samim2010@yahoo.com:079949abra
agha_akbar@sina.com:079949ab
beees212@gmail.com:01550326713b@
2640607700@qq.com:DDvictor07032
joesayed49@gmail.com:yousef
sobytusi@decabg.eu:sS01845936316@
berlinyono@gmail.com:gagan@123koli
midnightmasquerade@aol.com:chocolate
1487219641@qq.com:deng314314
zzh1282260738@gmail.com:!Jiapengqian0616
214796533@qq.com:214796533
fathuralim22@gmail.com:fathuralim22@gmail.com
renzhe988@sina.com:8a8a8a8a
sultanmahmudsifat88@gmail.com:98088888Sifat@#
looxoojoo@qq.com:8888@lxj
rabbit.gudgeon@gmail.com:coco8998
lamada.live5@gmail.com:admin
01crackzone@gmail.com:[NOT_SAVED]
3selimreza1996@gmail.com:[NOT_SAVED]
gboyb50539@gmail.com:[NOT_SAVED]
Selimdrmd@gmail.com:[NOT_SAVED]
ceo.infotanvir@gmail.com:01638000786
ec123789456@gmail.com:e2L@n7Z2uwBydcW
889888988@qq.com:lsw988008
mostfamahmood@gmail.com:mostfa80
hazemabdelhameedabbas@gmail.co:ZZ_BGHvYf8PkcN*
nolascox888@gmail.com:nirvana8808
888880@qq.com:ease8pass
8808888988@qq.com:syh888888
888888888@qq.com88880890098:anxinle880809
Borithkhimchan@gmail.com:JAjhwtJT8R.A.Jg
brijkishorprasad898@gmail.com:89980808
854020291@qq.com:12345678Aa@
wsdell@hotmail.com:coolfox635
reaz8008@gmail.com:raihanboss8
necipil988@tagbert.com:#Chanmyae98#
adiwalangsn@gmail.com:pinoytalaga
naseemzeadna1@gmail.com:samsam2770.A
deventesolo@gmail.com:QuQur132552121
563785809@qq.com:xrk980114
errormazen@gmail.com:mezomezo
bmullerj_j473m@chyju.com:St@lin/Pc69
Ehsanmalik0007@gmail.com:gmail0007
530220444@qq.com:sty1900012423
374494501@qq.com:aa12301230
69662104@qq.com:Apollo123
zhujinghuai@gmail.com:Y6.QdSyA.MAgAiX
QASA@FOXMAIL.COM:vpn123456
1571602217@qq.com:1233214567a
ericssondiaz123@gmail.com:ErikcL25
marjorywalton1613@gmail.com:Gi7102o1915uJ
danny.huang8902@gmail.com:champion
rakhasatriya01@gmail.com:A7#.rnBspZt7tw@
sultanmahmudsifat66@gmail.com:98084444Sifat@#
greylubog@gmail.com:2134boom
ciaalfonso00@gmail.com:1988060414
oldenybeltre3@gmail.com:6#*$.ehv85bQAkb
570305928@qq.com:ytc-yds-960912
mh.yass50@gmail.com:Maher@2024!
snowloveu@hotmail.com:127208bx
itsepicpro89@gmail.com:qwertyuiop12
blogmeomun@gmail.com:dcknctv00
Johanproust@protonmail.com:zWFo36rttoMCkMq!
Tim123@gmail.com:0924314924
sliderkingitson@gmail.com:nemtokjojelszot
tsai2152@gmail.com:35623562
huymatchuchiko@gmail.com:QuangHuy2012@12
fengmu0@qq.com:xiaolu1019
wenhaozhe@126.com:GTT5t375030227
hello_especially@outlook.com:Zhou77_6778
525205108@qq.com:asdfg321X
frow0888@gmail.com:tfNg.snW8xGP.hJ
matchy@optimum.com.hk:J888ht88
Riazvaiiloveyou808@gmail.com:88808000RRR
243776814@qq.comåååååååååååååååå17780690096:anxinle310809
421055801@qq.com:fengye421055
2678273778@qq.com:wangxi27772228
frow2628@gmail.com:tfNg.snW3xGP.hJ
matchy@optimum.com.hk:J726ht22
857556788@qq.com:lsw752228
nolascox772@gmail.com:nirvana2725
556252@qq.com:ease2pass
2372326682@qq.com:abcd.2235
abidhassan2222@gmail.com:panda2222
aamir007.khosa@gmail.com:r@WQ3GVpfDJ@wez
vinsokun9999@gmail.com:VINSOKUN@@9999
selimdrmd@gmail.com:rjselim@1996
instafashion662@gmail.com:Javed3215
dilanreinaldo86@gmail.com:Dilan7676
insto.bd@gmail.com:.pfGLK6siJccADG
s33227562@gmail.com:hT8uJB.NjXJ.9Kf
stephenrminkin@gmail.com:9##$mi9##$mi
titasdeveikis123@gmail.com:iF.7cRfK#@mWh#x
vincentdepa@yahoo.com:chaoren418
soemoehtet43747@gmail.com:24-Oct-1978
jhonsantos.rj@gmail.com:jhonny1991
ramirezkeitel8@gmail.com:keitel001
lucreciaalfonso009@gmail.com:Carlos8890
oldenybeltre3@gmail.com:Lubelt8890
jane5852@163.com:jyh19770426
Vabedi27@gmail.com:Vahid136718
haoyu2088@gmail.com:wumaowen8888
foxmohityt420@gmail.com:Rajput12345
shadows@arxxwalls.com:Joker12@#
mbxluyofbz@gmbol.cem:634286luyofbzbb!
deannemowrey@gmail.com:Jazmyn18@
243776814@qq.com����������������17780690096:anxinle310809
pcelli83@gmail.com:Cpeppe83
zilezhang11@gmail.com:Aa12300..
domainhostcoupon@gmail.com:Laclac@014
rana7080bd@gmail.com:@YD@Di#NZ.EsW5h
xpg3z4pcec@kjkszpjcompany.com:QAZQAZ12
dhi007raj@gmail.com:Singh@1485
osamaosama124123@gmail.com:Osama12345
sadhack3d@gmail.com:yT9EK.FLQAJLda3
ethanwang518@gmail.com:ethan518@pd
laurenceyang1205@outlook.com:zerozone12053
chambre15@hotmail.com:CalebEdgar2030
522981616@qq.com:weiWEN0610
patrickbreza@gmail.com:Real2727!
alscreiscn@gmail.com:588220196
0297889827@qq.com:037719Mkag
ccccczhi@gmail.com:cccc009883
osidanu189@gmai.com:uxw9T0OEzlVx
cuixiaohan0092@gmail.com:xsCui0803
123819@qq.com:ease8pass
lekkoulis@gmail.com:k0nstant!nos
stephenrminkin@gmail.com:19023592
tjrbh8711@gmail.com:ffrr5566
stephenrminkin@gmail.com:8##$mi8##$mi
jesuistemps@gmail.com:JENESUISPASOMO
kennethyao2@hotmail.com:1qaz2wsx
slayao@gmail.com:Newlife2020
younessoubaha10@gmail.com:abcdabcd00**
robertdeliery@gmail.com:jandYWxV34m.##m
technicaltouchpro@gmail.com:bvcK.WryA783vX@
abdullohshuhratov68@gmail.com:abdulloh68
sammyualty0@gmail.com:qwerman123
1572173331@qq.com:5713151437cyy
ridowanh@gmail.com:e.q7733jptpxmuy
m2358arysebayl@web.de:YmkuAopp
hammerinatlfio@yahoo.co.jp:Saki*a1n
zzxjohns@gmail.com:Zzx145166:jACgYpRP7kH$ekm
1272394845@qq.com:5082617322dxk
hakdogman@hotmail.com:NULL
insto.bd@gmail.com:@dT#kQaLwZdVUr4
brijkishorprasad196@gmail.com:Jaiswal@bkj_123
brijkishorprasad196@gmail.com:123456
729533963@qq.com:liulu740926
ersyclzxgxfhbe@nightorb.com:notsosimple7869
pyloktn@gmail.com:tousakkou@QT
patelistorm@gmail.com:79w#ZA@s6MVvRZj
fuadhassan1997@gmail.com:Shuriken123456
fuadhassan1997@gmail.com:Sharika12345:Chemistry1997
214615606@qq.com:tienian.
Shodiyor002@example.com:Shodiyor0324
0887777339@qq.com:ljt009983
shalinda.jayasinghe@gmail.com:{s,!K)gRe2nuZ$83
ff0773799@gmail.com:anouar8992
tociye778@yahoo.com:elver087
migotive@thichanthit.com:messi@10a
mamadzamzam7@gmail.com:lyzyim3fv9h@wqn
1253346613@qq.com:089865895351a
wangyutao0993@outlook.com:labchenyl8908888
m:Samsung@1988:aa1212aa
sashausb@gmail.com:Alexusb1998
bobby00701@qq.com:184160708
rifatsarkar015@gmail.com:Polok993
@karmacloud14@gmail.com:Dharmik@@ic3l0gs
boyr41749@gmail.com:Dharmik@@ic3l0gs
1021504928@qq.com:QweQaz..1
lzawad8@gmail.com:rimon@123
jzk59i@gmail.com:Didier59330
20zx0701@gmail.com:smallfat209
293127830@qq.com:029828we0
607564372@qq.com:260963we2
62zx2425@gmail.com:smallfat620
9993474793@qq.com:c9876818
Shemisudheer53@gmail.com:Doyouloveme*1
VINsOKUN3333@GMAIL.COM:VINsOKUN@@9999
VINsOKUN9999@GMAIL.COM:VINsOKUN@@9999
abidhassan0999@gmail.com:panda0999
ajoao87@gmail.com:ajoao7273
amr.isselha00@gmail.com:amr087123789
amr.isselha22@gmail.com:amr234567890
dongkune@gmail.com:&^GHfc456asdd
dongkune@gmail.com:&^GHfc712asdd
faheem087@gmail.com:faheem087
hello_especially@outlook.com:Zhou99_0887
josephwallace020@gmail.com:Black933
marouann043@gmail.com:Marouan23@
tommyleong0123@hotmail.com:tlpass123
wenhsien.cheng@gmail.com:henrycheng0a
wenhsien.cheng@gmail.com:henrycheng2a
zhiyiren2009@gmail.com:bjjywcwk112300
0799793388@qq.com:abcd.0871
cuixiaohan2206@gmail.com:xsCui2327
phoungsunpspalice8082@gmail.com:2000500505
2392481156@qq.com:19991001oxc
7298100390@qq.com:dizixuan9392
pokeandmos@gmail.com:5@zVaPEaKADYa9H
emonadsbd@gmail.com:rftuiyhuiyhui
tociye227@yahoo.com:elver912
1115616115@qq.com:c1218232
mubashirnaveed99@gmail.com:mubi9994
gucha996@gmail.com:Madridista4
serajulhasibpranto@gmail.com:53753937
nandapusu@hotmail.com:wjYPah.nXxi7qHj
40008052@qq.com:nba135246:C65-eqd44.xVt.N
hamzanomaan45@gmail.com:123NOmaa!@#
fahead800@gmail.com:Fa@25111979
ncsvlogs0507@gmail.com:77830507CSon
dongzihaook@126.com:seer.86352400
abu11-510@diu.edu.bd:123NOmaa!@#
contasp731@gmail.com:Sexoexxt@123
2386534238@qq.com:panpan2222
462929628@qq.com:139714.li
yanglimin1990@gmail.com:ylm211109
anmoldhillon108529@gmail.com:99arg3E7rk7x.mx
alscreiscn@gmail.com:iminnlkkax12
mohamedfarfra4567@gmail.com:ES!7!DEXMZEGt2a
stevesunzhiping@gmail.com:Sun990923
stevesunzhiping@gmail.com:S
spear707070@hotmail.com:RmitiAli890
shahinalam2435@gmail.com:Hp3pQMKzy.uF57R
Manushiotr@gmail.com:gango1209
3959562425@qq.com:pAndA.305956
titasdeveikis123@gmail.com:GetR3ktz
2948450304@qq.com:panda.294845
word06035@gmail.com:Faad@0900
514526833@qq.com:Shihab55
fngladacx@gmail.com:Cham2550
degihob573@sceath.com:Ali123!@#
toposof698@jo6s.com:b7bXkAWj@U9Pi2W
lsocfon7657@gmail.com:97006745
shivanggupta.1509@gmail.com:iitbombaycse
shivangmaheshgupta@gmail.com:Lucky@1509
fenn883@gmail.com:Aa883883
3selimreza1996@gmail.com:se905641
01crackzone@gmail.com:rp736598
gboyb50539@gmail.com:1764758
289600516@qq.com:hxy487965
2994585894@qq.com:c1987929
bafire8063@dufeed.com:Ali123!@#
srrormozsn@gmail.com:mezOmezO
dofssm223@gmail.com:fAheem123
rofulgsrmon6@gmail.com:LAm2XJ4wqu74HQ@
zongeomet92@gmail.com:FLOOki1315
trelleongcc@gmail.com:gcchin01
3959562425@qq.com:panda.305956
msfdemondorsd.572@gmail.com:335224942m
mayasiri96@gmail.com:Matador96211
dotdorx@gmail.com:79Ac69A1
3353743527@qq.com:Zsrh..123
redguy834@hotmail.com:password
legiion.25@gmail.com:N@ur266240
alaminhasson89@gmail.com:g#GXUD4HJ4qK54v
fjereleoxen8@gmail.com:CccasEtyBF@ysP8
hi4mahir200@gmail.com:mahirazraf@00230
israelmendez82@yahoo.com:marwaneissa123
parasagun7@gmail.com:77df585790
songchaow@outlook.com:1192557644abcdef
parasis131@gmail.com:UXqMuZgK.aUvbW7
